Component: ARM Compiler 5.06 update 6 (build 750) Tool: armlink [4d35ed]

==============================================================================

Section Cross References

    startup_stm32f407xx.o(RESET) refers to startup_stm32f407xx.o(STACK) for __initial_sp
    startup_stm32f407xx.o(RESET) refers to startup_stm32f407xx.o(.text) for Reset_Handler
    startup_stm32f407xx.o(RESET) refers to stm32f4xx_it.o(i.NMI_Handler) for NMI_Handler
    startup_stm32f407xx.o(RESET) refers to stm32f4xx_it.o(i.HardFault_Handler) for HardFault_Handler
    startup_stm32f407xx.o(RESET) refers to stm32f4xx_it.o(i.MemManage_Handler) for MemManage_Handler
    startup_stm32f407xx.o(RESET) refers to stm32f4xx_it.o(i.BusFault_Handler) for BusFault_Handler
    startup_stm32f407xx.o(RESET) refers to stm32f4xx_it.o(i.UsageFault_Handler) for UsageFault_Handler
    startup_stm32f407xx.o(RESET) refers to port.o(.emb_text) for SVC_Handler
    startup_stm32f407xx.o(RESET) refers to stm32f4xx_it.o(i.DebugMon_Handler) for DebugMon_Handler
    startup_stm32f407xx.o(RESET) refers to port.o(i.SysTick_Handler) for SysTick_Handler
    startup_stm32f407xx.o(RESET) refers to stm32f4xx_it.o(i.DMA1_Stream1_IRQHandler) for DMA1_Stream1_IRQHandler
    startup_stm32f407xx.o(RESET) refers to stm32f4xx_it.o(i.DMA1_Stream4_IRQHandler) for DMA1_Stream4_IRQHandler
    startup_stm32f407xx.o(RESET) refers to stm32f4xx_it.o(i.CAN1_RX0_IRQHandler) for CAN1_RX0_IRQHandler
    startup_stm32f407xx.o(RESET) refers to stm32f4xx_it.o(i.TIM1_BRK_TIM9_IRQHandler) for TIM1_BRK_TIM9_IRQHandler
    startup_stm32f407xx.o(RESET) refers to stm32f4xx_it.o(i.TIM1_UP_TIM10_IRQHandler) for TIM1_UP_TIM10_IRQHandler
    startup_stm32f407xx.o(RESET) refers to stm32f4xx_it.o(i.TIM4_IRQHandler) for TIM4_IRQHandler
    startup_stm32f407xx.o(RESET) refers to stm32f4xx_it.o(i.EXTI15_10_IRQHandler) for EXTI15_10_IRQHandler
    startup_stm32f407xx.o(RESET) refers to stm32f4xx_it.o(i.SDIO_IRQHandler) for SDIO_IRQHandler
    startup_stm32f407xx.o(RESET) refers to stm32f4xx_it.o(i.TIM5_IRQHandler) for TIM5_IRQHandler
    startup_stm32f407xx.o(RESET) refers to stm32f4xx_it.o(i.DMA2_Stream0_IRQHandler) for DMA2_Stream0_IRQHandler
    startup_stm32f407xx.o(RESET) refers to stm32f4xx_it.o(i.DMA2_Stream3_IRQHandler) for DMA2_Stream3_IRQHandler
    startup_stm32f407xx.o(RESET) refers to stm32f4xx_it.o(i.ETH_IRQHandler) for ETH_IRQHandler
    startup_stm32f407xx.o(RESET) refers to stm32f4xx_it.o(i.DMA2_Stream6_IRQHandler) for DMA2_Stream6_IRQHandler
    startup_stm32f407xx.o(.text) refers to system_stm32f4xx.o(i.SystemInit) for SystemInit
    startup_stm32f407xx.o(.text) refers to entry.o(.ARM.Collect$$$$00000000) for __main
    main.o(i.HAL_TIM_PeriodElapsedCallback) refers to stm32f4xx_hal.o(i.HAL_IncTick) for HAL_IncTick
    main.o(i.HAL_TIM_PeriodElapsedCallback) refers to stm32f4xx_hal_gpio.o(i.HAL_GPIO_WritePin) for HAL_GPIO_WritePin
    main.o(i.HAL_TIM_PeriodElapsedCallback) refers to stm32f4xx_hal_gpio.o(i.HAL_GPIO_TogglePin) for HAL_GPIO_TogglePin
    main.o(i.HAL_TIM_PeriodElapsedCallback) refers to bsp_infrared.o(.data) for GlobalTimingDelay100us
    main.o(i.HAL_TIM_PeriodElapsedCallback) refers to main.o(.data) for .data
    main.o(i.SystemClock_Config) refers to memseta.o(.text) for __aeabi_memclr4
    main.o(i.SystemClock_Config) refers to stm32f4xx_hal_rcc.o(i.HAL_RCC_OscConfig) for HAL_RCC_OscConfig
    main.o(i.SystemClock_Config) refers to stm32f4xx_hal_rcc.o(i.HAL_RCC_ClockConfig) for HAL_RCC_ClockConfig
    main.o(i.SystemClock_Config) refers to stm32f4xx_hal_rcc_ex.o(i.HAL_RCCEx_PeriphCLKConfig) for HAL_RCCEx_PeriphCLKConfig
    main.o(i.main) refers to stm32f4xx_hal.o(i.HAL_Init) for HAL_Init
    main.o(i.main) refers to main.o(i.SystemClock_Config) for SystemClock_Config
    main.o(i.main) refers to gpio.o(i.MX_GPIO_Init) for MX_GPIO_Init
    main.o(i.main) refers to dma.o(i.MX_DMA_Init) for MX_DMA_Init
    main.o(i.main) refers to adc.o(i.MX_ADC3_Init) for MX_ADC3_Init
    main.o(i.main) refers to can.o(i.MX_CAN1_Init) for MX_CAN1_Init
    main.o(i.main) refers to fsmc.o(i.MX_FSMC_Init) for MX_FSMC_Init
    main.o(i.main) refers to i2c.o(i.MX_I2C1_Init) for MX_I2C1_Init
    main.o(i.main) refers to i2s.o(i.MX_I2S2_Init) for MX_I2S2_Init
    main.o(i.main) refers to sdio.o(i.MX_SDIO_SD_Init) for MX_SDIO_SD_Init
    main.o(i.main) refers to spi.o(i.MX_SPI1_Init) for MX_SPI1_Init
    main.o(i.main) refers to tim.o(i.MX_TIM2_Init) for MX_TIM2_Init
    main.o(i.main) refers to tim.o(i.MX_TIM4_Init) for MX_TIM4_Init
    main.o(i.main) refers to tim.o(i.MX_TIM5_Init) for MX_TIM5_Init
    main.o(i.main) refers to tim.o(i.MX_TIM9_Init) for MX_TIM9_Init
    main.o(i.main) refers to tim.o(i.MX_TIM12_Init) for MX_TIM12_Init
    main.o(i.main) refers to usart.o(i.MX_USART1_UART_Init) for MX_USART1_UART_Init
    main.o(i.main) refers to usart.o(i.MX_USART3_UART_Init) for MX_USART3_UART_Init
    main.o(i.main) refers to printfa.o(i.__0printf) for __2printf
[...]
    HAL_I2S_RxCpltCallback                   0x08003b5d   Thumb Code     2  stm32f4xx_hal_i2s.o(i.HAL_I2S_RxCpltCallback)
    HAL_I2S_TxCpltCallback                   0x08003b5f   Thumb Code     2  stm32f4xx_hal_i2s.o(i.HAL_I2S_TxCpltCallback)
    HAL_IT_Start                             0x08003b61   Thumb Code    20  app_startshow.o(i.HAL_IT_Start)
    HAL_IncTick                              0x08003b7d   Thumb Code    12  stm32f4xx_hal.o(i.HAL_IncTick)
    HAL_Init                                 0x08003b8d   Thumb Code    48  stm32f4xx_hal.o(i.HAL_Init)
    HAL_InitTick                             0x08003bc1   Thumb Code   100  stm32f4xx_hal_timebase_tim.o(i.HAL_InitTick)
    HAL_MspInit                              0x08003c35   Thumb Code    52  stm32f4xx_hal_msp.o(i.HAL_MspInit)
    HAL_NVIC_DisableIRQ                      0x08003c6d   Thumb Code    34  stm32f4xx_hal_cortex.o(i.HAL_NVIC_DisableIRQ)
    HAL_NVIC_EnableIRQ                       0x08003c8f   Thumb Code    26  stm32f4xx_hal_cortex.o(i.HAL_NVIC_EnableIRQ)
    HAL_NVIC_SetPriority                     0x08003ca9   Thumb Code    60  stm32f4xx_hal_cortex.o(i.HAL_NVIC_SetPriority)
    HAL_NVIC_SetPriorityGrouping             0x08003ce9   Thumb Code    26  stm32f4xx_hal_cortex.o(i.HAL_NVIC_SetPriorityGrouping)
    HAL_RCCEx_GetPeriphCLKFreq               0x08003d0d   Thumb Code    76  stm32f4xx_hal_rcc_ex.o(i.HAL_RCCEx_GetPeriphCLKFreq)
    HAL_RCCEx_PeriphCLKConfig                0x08003d69   Thumb Code   296  stm32f4xx_hal_rcc_ex.o(i.HAL_RCCEx_PeriphCLKConfig)
    HAL_RCC_ClockConfig                      0x08003ea5   Thumb Code   288  stm32f4xx_hal_rcc.o(i.HAL_RCC_ClockConfig)
    HAL_RCC_GetClockConfig                   0x08003fd9   Thumb Code    54  stm32f4xx_hal_rcc.o(i.HAL_RCC_GetClockConfig)
    HAL_RCC_GetPCLK1Freq                     0x08004019   Thumb Code    20  stm32f4xx_hal_rcc.o(i.HAL_RCC_GetPCLK1Freq)
    HAL_RCC_GetPCLK2Freq                     0x08004039   Thumb Code    20  stm32f4xx_hal_rcc.o(i.HAL_RCC_GetPCLK2Freq)
    HAL_RCC_GetSysClockFreq                  0x08004059   Thumb Code    88  stm32f4xx_hal_rcc.o(i.HAL_RCC_GetSysClockFreq)
    HAL_RCC_OscConfig                        0x080040bd   Thumb Code   840  stm32f4xx_hal_rcc.o(i.HAL_RCC_OscConfig)
    HAL_SD_AbortCallback                     0x08004419   Thumb Code     2  stm32f4xx_hal_sd.o(i.HAL_SD_AbortCallback)
    HAL_SD_ErrorCallback                     0x0800441b   Thumb Code     2  stm32f4xx_hal_sd.o(i.HAL_SD_ErrorCallback)
    HAL_SD_GetCardCID                        0x0800441d   Thumb Code    80  stm32f4xx_hal_sd.o(i.HAL_SD_GetCardCID)
    HAL_SD_GetCardCSD                        0x0800446d   Thumb Code   402  stm32f4xx_hal_sd.o(i.HAL_SD_GetCardCSD)
    HAL_SD_GetCardInfo                       0x08004605   Thumb Code    36  stm32f4xx_hal_sd.o(i.HAL_SD_GetCardInfo)
    HAL_SD_GetCardState                      0x08004629   Thumb Code    44  stm32f4xx_hal_sd.o(i.HAL_SD_GetCardState)
    HAL_SD_IRQHandler                        0x08004655   Thumb Code   512  stm32f4xx_hal_sd.o(i.HAL_SD_IRQHandler)
    HAL_SD_Init                              0x0800485d   Thumb Code    54  stm32f4xx_hal_sd.o(i.HAL_SD_Init)
    HAL_SD_InitCard                          0x08004895   Thumb Code    78  stm32f4xx_hal_sd.o(i.HAL_SD_InitCard)
    HAL_SD_MspInit                           0x080048e9   Thumb Code   300  sdio.o(i.HAL_SD_MspInit)
    HAL_SD_RxCpltCallback                    0x08004a2d   Thumb Code     2  stm32f4xx_hal_sd.o(i.HAL_SD_RxCpltCallback)
    HAL_SD_TxCpltCallback                    0x08004a2f   Thumb Code     2  stm32f4xx_hal_sd.o(i.HAL_SD_TxCpltCallback)
    HAL_SPI_Init                             0x08004a31   Thumb Code   128  stm32f4xx_hal_spi.o(i.HAL_SPI_Init)
    HAL_SPI_MspInit                          0x08004ab1   Thumb Code   128  spi.o(i.HAL_SPI_MspInit)
    HAL_SPI_TransmitReceive                  0x08004b41   Thumb Code   482  stm32f4xx_hal_spi.o(i.HAL_SPI_TransmitReceive)
    HAL_SRAM_Init                            0x08004d23   Thumb Code    86  stm32f4xx_hal_sram.o(i.HAL_SRAM_Init)
    HAL_SRAM_MspInit                         0x08004d79   Thumb Code     4  fsmc.o(i.HAL_SRAM_MspInit)
    HAL_TIMEx_BreakCallback                  0x08004d7d   Thumb Code     2  stm32f4xx_hal_tim_ex.o(i.HAL_TIMEx_BreakCallback)
    HAL_TIMEx_CommutCallback                 0x08004d7f   Thumb Code     2  stm32f4xx_hal_tim_ex.o(i.HAL_TIMEx_CommutCallback)
    HAL_TIMEx_MasterConfigSynchronization    0x08004d81   Thumb Code   116  stm32f4xx_hal_tim_ex.o(i.HAL_TIMEx_MasterConfigSynchronization)
    HAL_TIM_Base_Init                        0x08004e11   Thumb Code    54  stm32f4xx_hal_tim.o(i.HAL_TIM_Base_Init)
    HAL_TIM_Base_MspInit                     0x08004e49   Thumb Code   170  tim.o(i.HAL_TIM_Base_MspInit)
    HAL_TIM_Base_Start                       0x08004f09   Thumb Code    36  stm32f4xx_hal_tim.o(i.HAL_TIM_Base_Start)
    HAL_TIM_Base_Start_IT                    0x08004f2d   Thumb Code    34  stm32f4xx_hal_tim.o(i.HAL_TIM_Base_Start_IT)
    HAL_TIM_Base_Stop                        0x08004f4f   Thumb Code    44  stm32f4xx_hal_tim.o(i.HAL_TIM_Base_Stop)
    HAL_TIM_Base_Stop_IT                     0x08004f7b   Thumb Code    42  stm32f4xx_hal_tim.o(i.HAL_TIM_Base_Stop_IT)
    HAL_TIM_ConfigClockSource                0x08004fa5   Thumb Code   214  stm32f4xx_hal_tim.o(i.HAL_TIM_ConfigClockSource)
    HAL_TIM_IC_CaptureCallback               0x0800507b   Thumb Code     2  stm32f4xx_hal_tim.o(i.HAL_TIM_IC_CaptureCallback)
    HAL_TIM_IRQHandler                       0x0800507d   Thumb Code   358  stm32f4xx_hal_tim.o(i.HAL_TIM_IRQHandler)
    HAL_TIM_MspPostInit                      0x080051e5   Thumb Code    72  tim.o(i.HAL_TIM_MspPostInit)
    HAL_TIM_OC_DelayElapsedCallback          0x08005239   Thumb Code     2  stm32f4xx_hal_tim.o(i.HAL_TIM_OC_DelayElapsedCallback)
    HAL_TIM_PWM_ConfigChannel                0x0800523b   Thumb Code   208  stm32f4xx_hal_tim.o(i.HAL_TIM_PWM_ConfigChannel)
    HAL_TIM_PWM_Init                         0x0800530b   Thumb Code    54  stm32f4xx_hal_tim.o(i.HAL_TIM_PWM_Init)
    HAL_TIM_PWM_MspInit                      0x08005341   Thumb Code     2  stm32f4xx_hal_tim.o(i.HAL_TIM_PWM_MspInit)
    HAL_TIM_PWM_PulseFinishedCallback        0x08005343   Thumb Code     2  stm32f4xx_hal_tim.o(i.HAL_TIM_PWM_PulseFinishedCallback)
    HAL_TIM_PWM_Start_IT                     0x08005345   Thumb Code   108  stm32f4xx_hal_tim.o(i.HAL_TIM_PWM_Start_IT)
    HAL_TIM_PeriodElapsedCallback            0x080053b9   Thumb Code   214  main.o(i.HAL_TIM_PeriodElapsedCallback)
    HAL_TIM_TriggerCallback                  0x080054b9   Thumb Code     2  stm32f4xx_hal_tim.o(i.HAL_TIM_TriggerCallback)
    HAL_UART_ErrorCallback                   0x080054bb   Thumb Code     2  stm32f4xx_hal_uart.o(i.HAL_UART_ErrorCallback)
    HAL_UART_Init                            0x080054bd   Thumb Code    98  stm32f4xx_hal_uart.o(i.HAL_UART_Init)
    HAL_UART_MspDeInit                       0x08005521   Thumb Code    76  usart.o(i.HAL_UART_MspDeInit)
    HAL_UART_MspInit                         0x08005581   Thumb Code   202  usart.o(i.HAL_UART_MspInit)
    HAL_UART_Receive_DMA                     0x08005669   Thumb Code   138  stm32f4xx_hal_uart.o(i.HAL_UART_Receive_DMA)
    HAL_UART_RxCpltCallback                  0x08005701   Thumb Code    76  bsp_rs485.o(i.HAL_UART_RxCpltCallback)
    HAL_UART_RxHalfCpltCallback              0x080057b5   Thumb Code     2  stm32f4xx_hal_uart.o(i.HAL_UART_RxHalfCpltCallback)
    HAL_UART_Transmit                        0x080057b7   Thumb Code   186  stm32f4xx_hal_uart.o(i.HAL_UART_Transmit)
    HardFault_Handler                        0x08005871   Thumb Code     2  stm32f4xx_it.o(i.HardFault_Handler)
    I2C_24C02_Read                           0x08005875   Thumb Code    44  bsp_24c02.o(i.I2C_24C02_Read)
    I2C_24C02_Write                          0x080058a5   Thumb Code    44  bsp_24c02.o(i.I2C_24C02_Write)
    I2C_24C02_WriteOneByte                   0x080058d1   Thumb Code    48  bsp_24c02.o(i.I2C_24C02_WriteOneByte)
    I2C_ZLG72128_Read                        0x08005dc5   Thumb Code    44  bsp_zlg72128.o(i.I2C_ZLG72128_Read)
    I2C_ZLG72128_WriteOneByte                0x08005df5   Thumb Code    48  bsp_zlg72128.o(i.I2C_ZLG72128_WriteOneByte)
    I2C_ZLG72128_Write_buf                   0x08005e29   Thumb Code    64  bsp_zlg72128.o(i.I2C_ZLG72128_Write_buf)
    I2C_ZLG72128_Write_char                  0x08005e71   Thumb Code    18  bsp_zlg72128.o(i.I2C_ZLG72128_Write_char)
    I2C_ZLG7290_Read                         0x08005e85   Thumb Code    24  bsp_zlg7290.o(i.I2C_ZLG7290_Read)
    I2C_ZLG7290_Write                        0x08005ea5   Thumb Code    34  bsp_zlg7290.o(i.I2C_ZLG7290_Write)
    I2C_ZLG7290_WriteOneByte                 0x08005ec9   Thumb Code    32  bsp_zlg7290.o(i.I2C_ZLG7290_WriteOneByte)
    LCD_Clear                                0x080060a5   Thumb Code    42  bsp_lcd.o(i.LCD_Clear)
    LCD_Display_Dir                          0x080060d5   Thumb Code    56  bsp_lcd.o(i.LCD_Display_Dir)
    LCD_DrawPicture                          0x08006111   Thumb Code    88  bsp_lcd.o(i.LCD_DrawPicture)
    LCD_DrawPoint_pic                        0x0800616d   Thumb Code    20  bsp_lcd.o(i.LCD_DrawPoint_pic)
    LCD_Fast_DrawPoint                       0x08006181   Thumb Code   100  bsp_lcd.o(i.LCD_Fast_DrawPoint)
    LCD_Init                                 0x080061e9   Thumb Code  3982  bsp_lcd.o(i.LCD_Init)
    LCD_Scan_Dir                             0x08007179   Thumb Code   236  bsp_lcd.o(i.LCD_Scan_Dir)
    LCD_SetCursor                            0x08007269   Thumb Code    68  bsp_lcd.o(i.LCD_SetCursor)
    LCD_ShowChar                             0x080072b1   Thumb Code   190  bsp_lcd.o(i.LCD_ShowChar)
    LCD_ShowString                           0x08007385   Thumb Code    84  bsp_lcd.o(i.LCD_ShowString)
    LCD_Touch_AnalysisArea                   0x080073d9   Thumb Code   230  app_operate.o(i.LCD_Touch_AnalysisArea)
    LCD_Touch_Performer                      0x080074f1   Thumb Code   460  app_operate.o(i.LCD_Touch_Performer)
    LCD_WR_DATA                              0x08007795   Thumb Code    14  bsp_lcd.o(i.LCD_WR_DATA)
    LCD_WR_REG                               0x080077a3   Thumb Code    14  bsp_lcd.o(i.LCD_WR_REG)
    LCD_WriteRAM_Prepare                     0x080077b1   Thumb Code    12  bsp_lcd.o(i.LCD_WriteRAM_Prepare)
    LCD_WriteReg                             0x080077c1   Thumb Code    10  bsp_lcd.o(i.LCD_WriteReg)
    LCD_ZLG_ToString                         0x080077cd   Thumb Code   106  bsp_zlg7290.o(i.LCD_ZLG_ToString)
    LM75GetTempValue                         0x080078c1   Thumb Code    64  bsp_lm75a.o(i.LM75GetTempValue)
    LcdDisplayTask                           0x08007911   Thumb Code  2104  freertos.o(i.LcdDisplayTask)
    MX_ADC3_Init                             0x08008205   Thumb Code   152  adc.o(i.MX_ADC3_Init)
    MX_CAN1_Init                             0x080082a9   Thumb Code    62  can.o(i.MX_CAN1_Init)
    MX_DMA_Init                              0x080082f1   Thumb Code   120  dma.o(i.MX_DMA_Init)
    MX_FREERTOS_Init                         0x0800836d   Thumb Code    30  freertos.o(i.MX_FREERTOS_Init)
    MX_FSMC_Init                             0x08008395   Thumb Code   128  fsmc.o(i.MX_FSMC_Init)
    MX_GPIO_Init                             0x0800841d   Thumb Code   646  gpio.o(i.MX_GPIO_Init)
    MX_I2C1_Init                             0x080086d1   Thumb Code    50  i2c.o(i.MX_I2C1_Init)
    MX_I2S2_Init                             0x08008711   Thumb Code    52  i2s.o(i.MX_I2S2_Init)
    MX_SDIO_SD_Init                          0x0800874d   Thumb Code    22  sdio.o(i.MX_SDIO_SD_Init)
    MX_SPI1_Init                             0x0800876d   Thumb Code    60  spi.o(i.MX_SPI1_Init)
    MX_TIM12_Init                            0x080087b1   Thumb Code   126  tim.o(i.MX_TIM12_Init)
    MX_TIM2_Init                             0x08008839   Thumb Code    96  tim.o(i.MX_TIM2_Init)
    MX_TIM4_Init                             0x0800889d   Thumb Code    92  tim.o(i.MX_TIM4_Init)
    MX_TIM5_Init                             0x08008901   Thumb Code    94  tim.o(i.MX_TIM5_Init)
    MX_TIM9_Init                             0x08008969   Thumb Code    68  tim.o(i.MX_TIM9_Init)
    MX_USART1_UART_Init                      0x080089b5   Thumb Code    48  usart.o(i.MX_USART1_UART_Init)
    MX_USART3_UART_Init                      0x080089ed   Thumb Code    48  usart.o(i.MX_USART3_UART_Init)
    MY_IIC_Ack                               0x08008a25   Thumb Code    82  bsp_myi2c.o(i.MY_IIC_Ack)
    MY_IIC_NAck                              0x08008a81   Thumb Code    70  bsp_myi2c.o(i.MY_IIC_NAck)
    MY_IIC_Read_Byte                         0x08008ad1   Thumb Code    96  bsp_myi2c.o(i.MY_IIC_Read_Byte)
    MY_IIC_Send_Byte                         0x08008b39   Thumb Code   104  bsp_myi2c.o(i.MY_IIC_Send_Byte)
    MY_IIC_Start                             0x08008ba9   Thumb Code    66  bsp_myi2c.o(i.MY_IIC_Start)
    MY_IIC_Stop                              0x08008bf5   Thumb Code    66  bsp_myi2c.o(i.MY_IIC_Stop)
    MY_IIC_Wait_Ack                          0x08008c41   Thumb Code    88  bsp_myi2c.o(i.MY_IIC_Wait_Ack)
    MemManage_Handler                        0x08008ce5   Thumb Code     2  stm32f4xx_it.o(i.MemManage_Handler)
    NMI_Handler                              0x08008ce7   Thumb Code     2  stm32f4xx_it.o(i.NMI_Handler)
    OS_mem_init                              0x08008ce9   Thumb Code    52  os_malloc.o(i.OS_mem_init)
    OS_mem_perused                           0x08008d25   Thumb Code    48  os_malloc.o(i.OS_mem_perused)
    OS_memset                                0x08008d5d   Thumb Code    14  os_malloc.o(i.OS_memset)
    RS485_Test                               0x08008d6d   Thumb Code    56  bsp_rs485.o(i.RS485_Test)
    Read_SensorValue                         0x08008dad   Thumb Code   132  bsp_adcsensor.o(i.Read_SensorValue)
    Remote_Infrared_KEY_ISR                  0x08008e41   Thumb Code   234  bsp_infrared.o(i.Remote_Infrared_KEY_ISR)
    Remote_Infrared_KeyDeCode                0x08008f35   Thumb Code    34  bsp_infrared.o(i.Remote_Infrared_KeyDeCode)
    SDIO_GetPowerState                       0x08008f5d   Thumb Code     8  stm32f4xx_ll_sdmmc.o(i.SDIO_GetPowerState)
    SDIO_GetResponse                         0x08008f65   Thumb Code     6  stm32f4xx_ll_sdmmc.o(i.SDIO_GetResponse)
    SDIO_IRQHandler                          0x08008f6d   Thumb Code     6  stm32f4xx_it.o(i.SDIO_IRQHandler)
    SDIO_Init                                0x08008f79   Thumb Code    36  stm32f4xx_ll_sdmmc.o(i.SDIO_Init)
    SDIO_PowerState_ON                       0x08008f9d   Thumb Code    16  stm32f4xx_ll_sdmmc.o(i.SDIO_PowerState_ON)
    SDIO_ReadFIFO                            0x08008fad   Thumb Code     6  stm32f4xx_ll_sdmmc.o(i.SDIO_ReadFIFO)
    SDIO_SD_Test                             0x08008fb5   Thumb Code    80  sdio.o(i.SDIO_SD_Test)
    SDIO_SendCommand                         0x08009065   Thumb Code    32  stm32f4xx_ll_sdmmc.o(i.SDIO_SendCommand)
    SDIO_WriteFIFO                           0x08009085   Thumb Code    10  stm32f4xx_ll_sdmmc.o(i.SDIO_WriteFIFO)
    SDMMC_CmdAppCommand                      0x0800908f   Thumb Code    50  stm32f4xx_ll_sdmmc.o(i.SDMMC_CmdAppCommand)
    SDMMC_CmdAppOperCommand                  0x080090c1   Thumb Code    48  stm32f4xx_ll_sdmmc.o(i.SDMMC_CmdAppOperCommand)
    SDMMC_CmdGoIdleState                     0x080090f5   Thumb Code    74  stm32f4xx_ll_sdmmc.o(i.SDMMC_CmdGoIdleState)
    SDMMC_CmdOperCond                        0x08009145   Thumb Code   112  stm32f4xx_ll_sdmmc.o(i.SDMMC_CmdOperCond)
    SDMMC_CmdSelDesel                        0x080091b9   Thumb Code    50  stm32f4xx_ll_sdmmc.o(i.SDMMC_CmdSelDesel)
    SDMMC_CmdSendCID                         0x080091eb   Thumb Code    44  stm32f4xx_ll_sdmmc.o(i.SDMMC_CmdSendCID)
    SDMMC_CmdSendCSD                         0x08009217   Thumb Code    44  stm32f4xx_ll_sdmmc.o(i.SDMMC_CmdSendCSD)
    SDMMC_CmdSendStatus                      0x08009243   Thumb Code    50  stm32f4xx_ll_sdmmc.o(i.SDMMC_CmdSendStatus)
    SDMMC_CmdSetRelAdd                       0x08009275   Thumb Code    48  stm32f4xx_ll_sdmmc.o(i.SDMMC_CmdSetRelAdd)
    SDMMC_CmdStopTransfer                    0x080092a5   Thumb Code    46  stm32f4xx_ll_sdmmc.o(i.SDMMC_CmdStopTransfer)
    Set_DC_Motor_B                           0x0800982d   Thumb Code    24  bsp_dc_motor.o(i.Set_DC_Motor_B)
    Set_Dc_Motor_Stop                        0x08009849   Thumb Code    34  bsp_dc_motor.o(i.Set_Dc_Motor_Stop)
    SysTick_Handler                          0x0800989d   Thumb Code    38  port.o(i.SysTick_Handler)
    SystemClock_Config                       0x080098c9   Thumb Code   148  main.o(i.SystemClock_Config)
    SystemInit                               0x08009965   Thumb Code    22  system_stm32f4xx.o(i.SystemInit)
    TIM1_BRK_TIM9_IRQHandler                 0x08009981   Thumb Code     6  stm32f4xx_it.o(i.TIM1_BRK_TIM9_IRQHandler)
    TIM1_UP_TIM10_IRQHandler                 0x0800998d   Thumb Code     6  stm32f4xx_it.o(i.TIM1_UP_TIM10_IRQHandler)
    TIM4_IRQHandler                          0x08009999   Thumb Code     6  stm32f4xx_it.o(i.TIM4_IRQHandler)
    TIM5_IRQHandler                          0x080099a5   Thumb Code     6  stm32f4xx_it.o(i.TIM5_IRQHandler)
    TIM_Base_SetConfig                       0x080099b1   Thumb Code   156  stm32f4xx_hal_tim.o(i.TIM_Base_SetConfig)
    TIM_CCxChannelCmd                        0x08009a79   Thumb Code    26  stm32f4xx_hal_tim.o(i.TIM_CCxChannelCmd)
    TIM_ETR_SetConfig                        0x08009a93   Thumb Code    20  stm32f4xx_hal_tim.o(i.TIM_ETR_SetConfig)
    TIM_OC2_SetConfig                        0x08009b19   Thumb Code    98  stm32f4xx_hal_tim.o(i.TIM_OC2_SetConfig)
    TP_Init                                  0x08009c85   Thumb Code    32  bsp_lcdtouch.o(i.TP_Init)
    UsageFault_Handler                       0x08009ef9   Thumb Code     2  stm32f4xx_it.o(i.UsageFault_Handler)
    __0printf                                0x08009efd   Thumb Code    22  printfa.o(i.__0printf)
    __1printf                                0x08009efd   Thumb Code     0  printfa.o(i.__0printf)
    __2printf                                0x08009efd   Thumb Code     0  printfa.o(i.__0printf)
    __c89printf                              0x08009efd   Thumb Code     0  printfa.o(i.__0printf)
    printf                                   0x08009efd   Thumb Code     0  printfa.o(i.__0printf)
    __0snprintf                              0x08009f1d   Thumb Code    44  printfa.o(i.__0snprintf)
    __1snprintf                              0x08009f1d   Thumb Code     0  printfa.o(i.__0snprintf)
    __2snprintf                              0x08009f1d   Thumb Code     0  printfa.o(i.__0snprintf)
    __c89snprintf                            0x08009f1d   Thumb Code     0  printfa.o(i.__0snprintf)
    snprintf                                 0x08009f1d   Thumb Code     0  printfa.o(i.__0snprintf)
    __0sprintf                               0x08009f4d   Thumb Code    34  printfa.o(i.__0sprintf)
    __1sprintf                               0x08009f4d   Thumb Code     0  printfa.o(i.__0sprintf)
    __2sprintf                               0x08009f4d   Thumb Code     0  printfa.o(i.__0sprintf)
    __c89sprintf                             0x08009f4d   Thumb Code     0  printfa.o(i.__0sprintf)
    sprintf                                  0x08009f4d   Thumb Code     0  printfa.o(i.__0sprintf)
    __scatterload_copy                       0x08009f95   Thumb Code    14  handlers.o(i.__scatterload_copy)
    __scatterload_null                       0x08009fa3   Thumb Code     2  handlers.o(i.__scatterload_null)
    __scatterload_zeroinit                   0x08009fa5   Thumb Code    14  handlers.o(i.__scatterload_zeroinit)
    delay_us                                 0x0800a889   Thumb Code    44  os_delay.o(i.delay_us)
    fputc                                    0x0800a8b9   Thumb Code    20  os_debug.o(i.fputc)
    getLCDTouchTask                          0x0800a8d1   Thumb Code    14  freertos.o(i.getLCDTouchTask)
    iic_24c02_test                           0x0800a8e1   Thumb Code   132  bsp_24c02.o(i.iic_24c02_test)
    main                                     0x0800a971   Thumb Code    96  main.o(i.main)
    osDelay                                  0x0800aa1d   Thumb Code    14  cmsis_os.o(i.osDelay)
    osKernelStart                            0x0800aa2b   Thumb Code    10  cmsis_os.o(i.osKernelStart)
    osThreadCreate                           0x0800aa35   Thumb Code    84  cmsis_os.o(i.osThreadCreate)
    pvPortMalloc                             0x0800add5   Thumb Code   210  heap_4.o(i.pvPortMalloc)
    pxPortInitialiseStack                    0x0800aead   Thumb Code    40  port.o(i.pxPortInitialiseStack)
    sFLASH_EraseSector                       0x0800aed9   Thumb Code    66  bsp_w25x16.o(i.sFLASH_EraseSector)
    sFLASH_ReadBuffer                        0x0800af21   Thumb Code    82  bsp_w25x16.o(i.sFLASH_ReadBuffer)
    sFLASH_ReadID                            0x0800af79   Thumb Code    70  bsp_w25x16.o(i.sFLASH_ReadID)
    sFLASH_SendByte                          0x0800afc5   Thumb Code    34  bsp_w25x16.o(i.sFLASH_SendByte)
    sFLASH_WaitForWriteEnd                   0x0800afed   Thumb Code    44  bsp_w25x16.o(i.sFLASH_WaitForWriteEnd)
    sFLASH_WriteBuffer                       0x0800b01d   Thumb Code   188  bsp_w25x16.o(i.sFLASH_WriteBuffer)
    sFLASH_WriteEnable                       0x0800b0d9   Thumb Code    34  bsp_w25x16.o(i.sFLASH_WriteEnable)
    sFLASH_WritePage                         0x0800b101   Thumb Code    88  bsp_w25x16.o(i.sFLASH_WritePage)
    spi_flash_test                           0x0800b15d   Thumb Code   172  bsp_w25x16.o(i.spi_flash_test)
    statMainTask                             0x0800b295   Thumb Code    92  freertos.o(i.statMainTask)
    switch_flag                              0x0800b2f9   Thumb Code   160  bsp_zlg72128.o(i.switch_flag)
    swtich_key                               0x0800b3a5   Thumb Code    86  bsp_zlg72128.o(i.swtich_key)
    swtich_key_func                          0x0800b401   Thumb Code    40  bsp_zlg72128.o(i.swtich_key_func)
    uxListRemove                             0x0800b42d   Thumb Code    38  list.o(i.uxListRemove)
    vApplicationGetIdleTaskMemory            0x0800b455   Thumb Code    16  freertos.o(i.vApplicationGetIdleTaskMemory)
    vListInitialise                          0x0800b469   Thumb Code    22  list.o(i.vListInitialise)
    vListInitialiseItem                      0x0800b47f   Thumb Code     6  list.o(i.vListInitialiseItem)
    vListInsert                              0x0800b485   Thumb Code    48  list.o(i.vListInsert)
    vListInsertEnd                           0x0800b4b5   Thumb Code    24  list.o(i.vListInsertEnd)
    vPortEnterCritical                       0x0800b4cd   Thumb Code    54  port.o(i.vPortEnterCritical)
    vPortExitCritical                        0x0800b50d   Thumb Code    34  port.o(i.vPortExitCritical)
    vPortFree                                0x0800b535   Thumb Code    88  heap_4.o(i.vPortFree)
    vPortSetupTimerInterrupt                 0x0800b591   Thumb Code    32  port.o(i.vPortSetupTimerInterrupt)
    vTaskDelay                               0x0800b5b5   Thumb Code    66  tasks.o(i.vTaskDelay)
    vTaskStartScheduler                      0x0800b601   Thumb Code    90  tasks.o(i.vTaskStartScheduler)
    vTaskSuspend                             0x0800b66d   Thumb Code   174  tasks.o(i.vTaskSuspend)
    vTaskSuspendAll                          0x0800b729   Thumb Code    10  tasks.o(i.vTaskSuspendAll)
    vTaskSwitchContext                       0x0800b739   Thumb Code    82  tasks.o(i.vTaskSwitchContext)
    write_LcdDisplay                         0x0800b795   Thumb Code   176  bsp_zlg7290.o(i.write_LcdDisplay)
    xPortStartScheduler                      0x0800b849   Thumb Code   222  port.o(i.xPortStartScheduler)
    xTaskCreate                              0x0800b93d   Thumb Code    90  tasks.o(i.xTaskCreate)
    xTaskCreateStatic                        0x0800b997   Thumb Code    86  tasks.o(i.xTaskCreateStatic)
    xTaskIncrementTick                       0x0800b9ed   Thumb Code   192  tasks.o(i.xTaskIncrementTick)
    xTaskResumeAll                           0x0800bab5   Thumb Code   182  tasks.o(i.xTaskResumeAll)
    AHBPrescTable                            0x0800bc20   Data          16  system_stm32f4xx.o(.constdata)
    APBPrescTable                            0x0800bc30   Data           8  system_stm32f4xx.o(.constdata)
    gImage_hqyj                              0x0800bc63   Data       192000  app_startshow.o(.constdata)
    GT9147_CFG_TBL                           0x0803aaed   Data         184  bsp_gt9147.o(.constdata)
    GT9147_TPX_TBL                           0x0803abb6   Data          10  bsp_gt9147.o(.constdata)
    asc2_1206                                0x0803abc0   Data        1140  bsp_lcd.o(.constdata)
    asc2_1608                                0x0803b034   Data        1520  bsp_lcd.o(.constdata)
    asc2_2412                                0x0803b624   Data        3420  bsp_lcd.o(.constdata)
    Region$$Table$$Base                      0x0803c438   Number         0  anon$$obj.o(Region$$Table)
    Region$$Table$$Limit                     0x0803c458   Number         0  anon$$obj.o(Region$$Table)
    ZLGflag1                                 0x20000001   Data           1  gpio.o(.data)
    flag                                     0x20000004   Data           1  freertos.o(.data)
    Rx1_Buffer_P                             0x20000005   Data           1  freertos.o(.data)
    Rx1_Buffer_T                             0x20000006   Data           1  freertos.o(.data)
    StatMainTaskHandle                       0x20000008   Data           4  freertos.o(.data)
    GetLCDTouchTaskHandle                    0x2000000c   Data           4  freertos.o(.data)
    lcdDisplayTaskHandle                     0x20000010   Data           4  freertos.o(.data)
    getDataTaskHandle                        0x20000014   Data           4  freertos.o(.data)
    Rx2_Buffer                               0x20000018   Data           8  freertos.o(.data)
    uwTickFreq                               0x20000028   Data           1  stm32f4xx_hal.o(.data)
    uwTickPrio                               0x2000002c   Data           4  stm32f4xx_hal.o(.data)
    uwTick                                   0x20000030   Data           4  stm32f4xx_hal.o(.data)
    SystemCoreClock                          0x20000034   Data           4  system_stm32f4xx.o(.data)
    pxCurrentTCB                             0x20000038   Data           4  tasks.o(.data)
    globalVariable                           0x200000a0   Data           6  app_operate.o(.data)
    mallco_dev                               0x200000a8   Data          36  os_malloc.o(.data)
    I2CTimeout                               0x200000cc   Data           4  bsp_24c02.o(.data)
    ADC_DMA_Value                            0x200000d0   Data           8  bsp_adcsensor.o(.data)
    g_CAN_Recv_Flag                          0x200000d8   Data           1  bsp_can.o(.data)
    I2CTimeout1                              0x200000dc   Data           4  bsp_dc_motor.o(.data)
    FlagGotKey                               0x200000e4   Data           4  bsp_infrared.o(.data)
    GlobalTimingDelay100us                   0x200000ec   Data           4  bsp_infrared.o(.data)
    RemoteInfrareddata                       0x200000f0   Data           4  bsp_infrared.o(.data)
    I2C_LM75A_Timeout                        0x200000fc   Data           4  bsp_lm75a.o(.data)
    g_RS485_Recv_Flag                        0x20000100   Data           1  bsp_rs485.o(.data)
    RS485_BUFF                               0x20000101   Data           2  bsp_rs485.o(.data)
    wm8978_I2CTimeout                        0x20000120   Data           4  bsp_wm8978.o(.data)
    Zlg7290_Rx2_Buffer                       0x2000019c   Data           8  bsp_zlg7290.o(.data)
    clear_7290                               0x200001a4   Data           8  bsp_zlg7290.o(.data)
    flag_72128                               0x200001ac   Data           1  bsp_zlg72128.o(.data)
    Rx1_Buffer_P_72128                       0x200001ad   Data           1  bsp_zlg72128.o(.data)
    Rx1_Buffer_T_72128                       0x200001ae   Data           1  bsp_zlg72128.o(.data)
    I2CTimeout2                              0x200001b0   Data           4  bsp_zlg72128.o(.data)
    Rx2_Buffer_72128                         0x200001b4   Data           8  bsp_zlg72128.o(.data)
    Tx1_Buffer_1                             0x200001bc   Data           8  bsp_zlg72128.o(.data)
    __stdout                                 0x200001c4   Data           4  stdout.o(.data)
    hadc3                                    0x200001c8   Data          72  adc.o(.bss)
    hdma_adc3                                0x20000210   Data          96  adc.o(.bss)
    hcan1                                    0x20000270   Data          40  can.o(.bss)
    hsram4                                   0x200004ec   Data          80  fsmc.o(.bss)
    hi2c1                                    0x2000053c   Data          84  i2c.o(.bss)
    hi2s2                                    0x20000590   Data          72  i2s.o(.bss)
    hdma_spi2_tx                             0x200005d8   Data          96  i2s.o(.bss)
    hsd                                      0x20000638   Data         132  sdio.o(.bss)
    hdma_sdio_rx                             0x200006bc   Data          96  sdio.o(.bss)
    hdma_sdio_tx                             0x2000071c   Data          96  sdio.o(.bss)
    hspi1                                    0x2000077c   Data          88  spi.o(.bss)
    htim2                                    0x200007d4   Data          64  tim.o(.bss)
    htim4                                    0x20000814   Data          64  tim.o(.bss)
    htim5                                    0x20000854   Data          64  tim.o(.bss)
    htim9                                    0x20000894   Data          64  tim.o(.bss)
    htim12                                   0x200008d4   Data          64  tim.o(.bss)
    huart1                                   0x20000914   Data          64  usart.o(.bss)
    huart3                                   0x20000954   Data          64  usart.o(.bss)
    hdma_usart3_rx                           0x20000994   Data          96  usart.o(.bss)
    htim1                                    0x200009f4   Data          64  stm32f4xx_hal_timebase_tim.o(.bss)
    g_lcddev                                 0x20015a74   Data          14  bsp_lcd.o(.bss)
    tp_dev                                   0x20015a84   Data          40  bsp_lcdtouch.o(.bss)
    clear_72128                              0x20015ac7   Data           9  bsp_zlg72128.o(.bss)
    __initial_sp                             0x20017ad0   Data           0  startup_stm32f407xx.o(STACK)



==============================================================================

Memory Map of the image

  Image Entry point : 0x08000189

  Load Region LR_IROM1 (Base: 0x08000000, Size: 0x0003c620, Max: 0x00100000, ABSOLUTE, COMPRESSED[0x0003c4ec])

    Execution Region ER_IROM1 (Exec base: 0x08000000, Load base: 0x08000000, Size: 0x0003c458, Max: 0x00100000, ABSOLUTE)

    Exec Addr    Load Addr    Size         Type   Attr      Idx    E Section Name        Object

    0x08000000   0x08000000   0x00000188   Data   RO            3    RESET               startup_stm32f407xx.o
    0x08000188   0x08000188   0x00000000   Code   RO         9323  * .ARM.Collect$$$$00000000  mc_w.l(entry.o)
    0x08000188   0x08000188   0x00000004   Code   RO         9611    .ARM.Collect$$$$00000001  mc_w.l(entry2.o)
    0x0800018c   0x0800018c   0x00000004   Code   RO         9614    .ARM.Collect$$$$00000004  mc_w.l(entry5.o)
    0x08000190   0x08000190   0x00000000   Code   RO         9616    .ARM.Collect$$$$00000008  mc_w.l(entry7b.o)
    0x08000190   0x08000190   0x00000000   Code   RO         9618    .ARM.Collect$$$$0000000A  mc_w.l(entry8b.o)
    0x08000190   0x08000190   0x00000008   Code   RO         9619    .ARM.Collect$$$$0000000B  mc_w.l(entry9a.o)
    0x08000198   0x08000198   0x00000000   Code   RO         9621    .ARM.Collect$$$$0000000D  mc_w.l(entry10a.o)
    0x08000198   0x08000198   0x00000000   Code   RO         9623    .ARM.Collect$$$$0000000F  mc_w.l(entry11a.o)
    0x08000198   0x08000198   0x00000004   Code   RO         9612    .ARM.Collect$$$$00002712  mc_w.l(entry2.o)
    0x0800019c   0x0800019c   0x000000be   Code   RO         7711    .emb_text           port.o
    0x0800025a   0x0800025a   0x00000002   PAD
    0x0800025c   0x0800025c   0x00000024   Code   RO            4    .text               startup_stm32f407xx.o
    0x08000280   0x08000280   0x00000062   Code   RO         9326    .text               mc_w.l(uldiv.o)
    0x080002e2   0x080002e2   0x00000024   Code   RO         9328    .text               mc_w.l(memcpya.o)
    0x08000306   0x08000306   0x00000024   Code   RO         9332    .text               mc_w.l(memseta.o)
    0x0800032a   0x0800032a   0x0000001c   Code   RO         9334    .text               mc_w.l(strcmp.o)
    0x08000346   0x08000346   0x000000e4   Code   RO         9599    .text               mf_w.l(dmul.o)
    0x0800042a   0x0800042a   0x00000022   Code   RO         9601    .text               mf_w.l(dflti.o)
    0x0800044c   0x0800044c   0x0000001a   Code   RO         9603    .text               mf_w.l(dfltui.o)
    0x08000466   0x08000466   0x00000026   Code   RO         9607    .text               mf_w.l(f2d.o)
    0x0800048c   0x0800048c   0x00000038   Code   RO         9609    .text               mf_w.l(d2f.o)
    0x080004c4   0x080004c4   0x0000002c   Code   RO         9626    .text               mc_w.l(uidiv.o)
    0x080004f0   0x080004f0   0x0000001e   Code   RO         9628    .text               mc_w.l(llshl.o)
    0x0800050e   0x0800050e   0x00000020   Code   RO         9630    .text               mc_w.l(llushr.o)
    0x0800052e   0x0800052e   0x00000000   Code   RO         9632    .text               mc_w.l(iusefp.o)
    0x0800052e   0x0800052e   0x0000006e   Code   RO         9633    .text               mf_w.l(fepilogue.o)
    0x0800059c   0x0800059c   0x000000ba   Code   RO         9635    .text               mf_w.l(depilogue.o)
    0x08000656   0x08000656   0x0000014e   Code   RO         9637    .text               mf_w.l(dadd.o)
    0x080007a4   0x080007a4   0x000000de   Code   RO         9639    .text               mf_w.l(ddiv.o)
    0x08000882   0x08000882   0x00000030   Code   RO         9641    .text               mf_w.l(dfixul.o)
    0x080008b2   0x080008b2   0x00000002   PAD
    0x080008b4   0x080008b4   0x00000030   Code   RO         9643    .text               mf_w.l(cdrcmple.o)
    0x080008e4   0x080008e4   0x00000024   Code   RO         9645    .text               mc_w.l(init.o)
    0x08000908   0x08000908   0x00000024   Code   RO         9647    .text               mc_w.l(llsshr.o)
    0x0800092c   0x0800092c   0x00000056   Code   RO         9657    .text               mc_w.l(__dczerorl2.o)
    0x08000982   0x08000982   0x0000006e   Code   RO         2922    i.ADC_DMAConvCplt   stm32f4xx_hal_adc.o
    0x080009f0   0x080009f0   0x00000016   Code   RO         2923    i.ADC_DMAError      stm32f4xx_hal_adc.o
    0x08000a06   0x08000a06   0x0000000a   Code   RO         2924    i.ADC_DMAHalfConvCplt  stm32f4xx_hal_adc.o
    0x08000a10   0x08000a10   0x00000128   Code   RO         2925    i.ADC_Init          stm32f4xx_hal_adc.o
    0x08000b38   0x08000b38   0x00000644   Code   RO         7866    i.App_StartShow     app_startshow.o
    0x0800117c   0x0800117c   0x00000134   Code   RO         8295    i.BSP_GT9147_Init   bsp_gt9147.o
    0x080012b0   0x080012b0   0x00000060   Code   RO         8296    i.BSP_GT9147_RD_Reg  bsp_gt9147.o
    0x08001310   0x08001310   0x00000050   Code   RO         8297    i.BSP_GT9147_Send_Cfg  bsp_gt9147.o
    0x08001360   0x08001360   0x00000052   Code   RO         8298    i.BSP_GT9147_WR_Reg  bsp_gt9147.o
    0x080013b2   0x080013b2   0x00000072   Code   RO         9080    i.BSP_WM8978_Init   bsp_wm8978.o
    0x08001424   0x08001424   0x0000004c   Code   RO         9085    i.BSP_WM8978_Register_Wirter  bsp_wm8978.o
    0x08001470   0x08001470   0x0000006a   Code   RO         9200    i.BSP_read_MatrixKeyToFlag  bsp_zlg7290.o
    0x080014da   0x080014da   0x00000002   PAD
    0x080014dc   0x080014dc   0x0000002c   Code   RO         7867    i.Board_Init        app_startshow.o
    0x08001508   0x08001508   0x00000002   Code   RO         1435    i.BusFault_Handler  stm32f4xx_it.o
    0x0800150a   0x0800150a   0x00000002   PAD
    0x0800150c   0x0800150c   0x000000a4   Code   RO         8194    i.CAN1_Function_Init  bsp_can.o
    0x080015b0   0x080015b0   0x0000000c   Code   RO         1436    i.CAN1_RX0_IRQHandler  stm32f4xx_it.o
    0x080015bc   0x080015bc   0x00000078   Code   RO         8195    i.CAN1_Send_Test    bsp_can.o
    0x08001634   0x08001634   0x000000a4   Code   RO         8196    i.CANFilter_Config  bsp_can.o
    0x080016d8   0x080016d8   0x00000038   Code   RO         8197    i.CAN_Test          bsp_can.o
    0x08001710   0x08001710   0x0000000c   Code   RO         1437    i.DMA1_Stream1_IRQHandler  stm32f4xx_it.o
    0x0800171c   0x0800171c   0x0000000c   Code   RO         1438    i.DMA1_Stream4_IRQHandler  stm32f4xx_it.o
    0x08001728   0x08001728   0x0000000c   Code   RO         1439    i.DMA2_Stream0_IRQHandler  stm32f4xx_it.o
    0x08001734   0x08001734   0x0000000c   Code   RO         1440    i.DMA2_Stream3_IRQHandler  stm32f4xx_it.o
    0x08001740   0x08001740   0x0000000c   Code   RO         1441    i.DMA2_Stream6_IRQHandler  stm32f4xx_it.o
    0x0800174c   0x0800174c   0x00000028   Code   RO         2249    i.DMA_CalcBaseAndBitshift  stm32f4xx_hal_dma.o
    0x08001774   0x08001774   0x00000054   Code   RO         2250    i.DMA_CheckFifoParam  stm32f4xx_hal_dma.o
    0x080017c8   0x080017c8   0x00000028   Code   RO         2251    i.DMA_SetConfig     stm32f4xx_hal_dma.o
    0x080017f0   0x080017f0   0x00000038   Code   RO         8852    i.DR_RS485_Init     bsp_rs485.o
    0x08001828   0x08001828   0x00000014   Code   RO         8853    i.DR_RS485_SendData  bsp_rs485.o
    0x0800183c   0x0800183c   0x00000002   Code   RO         1442    i.DebugMon_Handler  stm32f4xx_it.o
    0x0800183e   0x0800183e   0x00000002   Code   RO         1443    i.ETH_IRQHandler    stm32f4xx_it.o
    0x08001840   0x08001840   0x00000016   Code   RO         1444    i.EXTI15_10_IRQHandler  stm32f4xx_it.o
    0x08001856   0x08001856   0x00000002   Code   RO           13    i.Error_Handler     main.o
    0x08001858   0x08001858   0x00000040   Code   RO         3439    i.FSMC_NORSRAM_Extended_Timing_Init  stm32f4xx_ll_fsmc.o
    0x08001898   0x08001898   0x00000054   Code   RO         3440    i.FSMC_NORSRAM_Init  stm32f4xx_ll_fsmc.o
    0x080018ec   0x080018ec   0x00000044   Code   RO         3441    i.FSMC_NORSRAM_Timing_Init  stm32f4xx_ll_fsmc.o
    0x08001930   0x08001930   0x00000190   Code   RO         7791    i.GT9147_Scan       app_operate.o
    0x08001ac0   0x08001ac0   0x00000118   Code   RO          725    i.GetDataTask       freertos.o
    0x08001bd8   0x08001bd8   0x0000014c   Code   RO         2927    i.HAL_ADC_ConfigChannel  stm32f4xx_hal_adc.o
    0x08001d24   0x08001d24   0x00000002   Code   RO         2928    i.HAL_ADC_ConvCpltCallback  stm32f4xx_hal_adc.o
    0x08001d26   0x08001d26   0x00000002   Code   RO         2929    i.HAL_ADC_ConvHalfCpltCallback  stm32f4xx_hal_adc.o
    0x08001d28   0x08001d28   0x00000002   Code   RO         2931    i.HAL_ADC_ErrorCallback  stm32f4xx_hal_adc.o
    0x08001d2a   0x08001d2a   0x00000054   Code   RO         2936    i.HAL_ADC_Init      stm32f4xx_hal_adc.o
    0x08001d7e   0x08001d7e   0x00000002   PAD
    0x08001d80   0x08001d80   0x0000009c   Code   RO          615    i.HAL_ADC_MspInit   adc.o
    0x08001e1c   0x08001e1c   0x00000130   Code   RO         2943    i.HAL_ADC_Start_DMA  stm32f4xx_hal_adc.o
    0x08001f4c   0x08001f4c   0x00000058   Code   RO         2946    i.HAL_ADC_Stop_DMA  stm32f4xx_hal_adc.o
    0x08001fa4   0x08001fa4   0x00000024   Code   RO         3198    i.HAL_CAN_ActivateNotification  stm32f4xx_hal_can.o
    0x08001fc8   0x08001fc8   0x000000c8   Code   RO         3199    i.HAL_CAN_AddTxMessage  stm32f4xx_hal_can.o
    0x08002090   0x08002090   0x0000010c   Code   RO         3200    i.HAL_CAN_ConfigFilter  stm32f4xx_hal_can.o
    0x0800219c   0x0800219c   0x00000002   Code   RO         3203    i.HAL_CAN_ErrorCallback  stm32f4xx_hal_can.o
    0x0800219e   0x0800219e   0x000000e8   Code   RO         3206    i.HAL_CAN_GetRxMessage  stm32f4xx_hal_can.o
    0x08002286   0x08002286   0x000001fc   Code   RO         3210    i.HAL_CAN_IRQHandler  stm32f4xx_hal_can.o
    0x08002482   0x08002482   0x0000011a   Code   RO         3211    i.HAL_CAN_Init      stm32f4xx_hal_can.o
    0x0800259c   0x0800259c   0x00000038   Code   RO          656    i.HAL_CAN_MspDeInit  can.o
    0x080025d4   0x080025d4   0x0000007c   Code   RO          657    i.HAL_CAN_MspInit   can.o
    0x08002650   0x08002650   0x00000002   Code   RO         3218    i.HAL_CAN_RxFifo0FullCallback  stm32f4xx_hal_can.o
    0x08002652   0x08002652   0x00000002   PAD
    0x08002654   0x08002654   0x000001a0   Code   RO         8198    i.HAL_CAN_RxFifo0MsgPendingCallback  bsp_can.o
    0x080027f4   0x080027f4   0x00000002   Code   RO         3220    i.HAL_CAN_RxFifo1FullCallback  stm32f4xx_hal_can.o
    0x080027f6   0x080027f6   0x00000002   Code   RO         3221    i.HAL_CAN_RxFifo1MsgPendingCallback  stm32f4xx_hal_can.o
    0x080027f8   0x080027f8   0x00000002   Code   RO         3222    i.HAL_CAN_SleepCallback  stm32f4xx_hal_can.o
    0x080027fa   0x080027fa   0x00000002   PAD
    0x080027fc   0x080027fc   0x00000058   Code   RO         3223    i.HAL_CAN_Start     stm32f4xx_hal_can.o
    0x08002854   0x08002854   0x00000002   Code   RO         3225    i.HAL_CAN_TxMailbox0AbortCallback  stm32f4xx_hal_can.o
    0x08002856   0x08002856   0x00000002   Code   RO         3226    i.HAL_CAN_TxMailbox0CompleteCallback  stm32f4xx_hal_can.o
    0x08002858   0x08002858   0x00000002   Code   RO         3227    i.HAL_CAN_TxMailbox1AbortCallback  stm32f4xx_hal_can.o
    0x0800285a   0x0800285a   0x00000002   Code   RO         3228    i.HAL_CAN_TxMailbox1CompleteCallback  stm32f4xx_hal_can.o
    0x0800285c   0x0800285c   0x00000002   Code   RO         3229    i.HAL_CAN_TxMailbox2AbortCallback  stm32f4xx_hal_can.o
    0x0800285e   0x0800285e   0x00000002   Code   RO         3230    i.HAL_CAN_TxMailbox2CompleteCallback  stm32f4xx_hal_can.o
    0x08002860   0x08002860   0x00000002   Code   RO         3232    i.HAL_CAN_WakeUpFromRxMsgCallback  stm32f4xx_hal_can.o
    0x08002862   0x08002862   0x0000008e   Code   RO         2252    i.HAL_DMA_Abort     stm32f4xx_hal_dma.o
    0x080028f0   0x080028f0   0x00000024   Code   RO         2253    i.HAL_DMA_Abort_IT  stm32f4xx_hal_dma.o
    0x08002914   0x08002914   0x00000062   Code   RO         2254    i.HAL_DMA_DeInit    stm32f4xx_hal_dma.o
    0x08002976   0x08002976   0x00000002   PAD
    0x08002978   0x08002978   0x000001a0   Code   RO         2257    i.HAL_DMA_IRQHandler  stm32f4xx_hal_dma.o
    0x08002b18   0x08002b18   0x000000d4   Code   RO         2258    i.HAL_DMA_Init      stm32f4xx_hal_dma.o
    0x08002bec   0x08002bec   0x0000006e   Code   RO         2262    i.HAL_DMA_Start_IT  stm32f4xx_hal_dma.o
    0x08002c5a   0x08002c5a   0x00000002   PAD
    0x08002c5c   0x08002c5c   0x00000024   Code   RO         2671    i.HAL_Delay         stm32f4xx_hal.o
    0x08002c80   0x08002c80   0x000000ac   Code   RO         1054    i.HAL_FSMC_MspInit  fsmc.o
    0x08002d2c   0x08002d2c   0x00000168   Code   RO         2142    i.HAL_GPIO_DeInit   stm32f4xx_hal_gpio.o
    0x08002e94   0x08002e94   0x00000034   Code   RO          441    i.HAL_GPIO_EXTI_Callback  gpio.o
    0x08002ec8   0x08002ec8   0x00000018   Code   RO         2144    i.HAL_GPIO_EXTI_IRQHandler  stm32f4xx_hal_gpio.o
    0x08002ee0   0x08002ee0   0x000001b8   Code   RO         2145    i.HAL_GPIO_Init     stm32f4xx_hal_gpio.o
    0x08003098   0x08003098   0x0000000a   Code   RO         2147    i.HAL_GPIO_ReadPin  stm32f4xx_hal_gpio.o
    0x080030a2   0x080030a2   0x0000000e   Code   RO         2148    i.HAL_GPIO_TogglePin  stm32f4xx_hal_gpio.o
    0x080030b0   0x080030b0   0x0000000a   Code   RO         2149    i.HAL_GPIO_WritePin  stm32f4xx_hal_gpio.o
    0x080030ba   0x080030ba   0x00000002   PAD
    0x080030bc   0x080030bc   0x0000000c   Code   RO         2677    i.HAL_GetTick       stm32f4xx_hal.o
    0x080030c8   0x080030c8   0x00000188   Code   RO         3688    i.HAL_I2C_Init      stm32f4xx_hal_i2c.o
    0x08003250   0x08003250   0x0000012c   Code   RO         3701    i.HAL_I2C_Master_Transmit  stm32f4xx_hal_i2c.o
    0x0800337c   0x0800337c   0x000001f8   Code   RO         3706    i.HAL_I2C_Mem_Read  stm32f4xx_hal_i2c.o
    0x08003574   0x08003574   0x00000130   Code   RO         3709    i.HAL_I2C_Mem_Write  stm32f4xx_hal_i2c.o
    0x080036a4   0x080036a4   0x00000068   Code   RO         1103    i.HAL_I2C_MspInit   i2c.o
    0x0800370c   0x0800370c   0x000001f4   Code   RO         4301    i.HAL_I2SEx_FullDuplex_IRQHandler  stm32f4xx_hal_i2s_ex.o
    0x08003900   0x08003900   0x00000002   Code   RO         4305    i.HAL_I2SEx_TxRxCpltCallback  stm32f4xx_hal_i2s_ex.o
    0x08003902   0x08003902   0x00000002   Code   RO         4126    i.HAL_I2S_ErrorCallback  stm32f4xx_hal_i2s.o
    0x08003904   0x08003904   0x00000174   Code   RO         4130    i.HAL_I2S_Init      stm32f4xx_hal_i2s.o
    0x08003a78   0x08003a78   0x000000e4   Code   RO         1151    i.HAL_I2S_MspInit   i2s.o
    0x08003b5c   0x08003b5c   0x00000002   Code   RO         4136    i.HAL_I2S_RxCpltCallback  stm32f4xx_hal_i2s.o
    0x08003b5e   0x08003b5e   0x00000002   Code   RO         4141    i.HAL_I2S_TxCpltCallback  stm32f4xx_hal_i2s.o
    0x08003b60   0x08003b60   0x0000001c   Code   RO         7868    i.HAL_IT_Start      app_startshow.o
    0x08003b7c   0x08003b7c   0x00000010   Code   RO         2683    i.HAL_IncTick       stm32f4xx_hal.o
    0x08003b8c   0x08003b8c   0x00000034   Code   RO         2684    i.HAL_Init          stm32f4xx_hal.o
    0x08003bc0   0x08003bc0   0x00000074   Code   RO         1598    i.HAL_InitTick      stm32f4xx_hal_timebase_tim.o
    0x08003c34   0x08003c34   0x00000038   Code   RO         1574    i.HAL_MspInit       stm32f4xx_hal_msp.o
    0x08003c6c   0x08003c6c   0x00000022   Code   RO         2533    i.HAL_NVIC_DisableIRQ  stm32f4xx_hal_cortex.o
    0x08003c8e   0x08003c8e   0x0000001a   Code   RO         2534    i.HAL_NVIC_EnableIRQ  stm32f4xx_hal_cortex.o
    0x08003ca8   0x08003ca8   0x00000040   Code   RO         2540    i.HAL_NVIC_SetPriority  stm32f4xx_hal_cortex.o
    0x08003ce8   0x08003ce8   0x00000024   Code   RO         2541    i.HAL_NVIC_SetPriorityGrouping  stm32f4xx_hal_cortex.o
    0x08003d0c   0x08003d0c   0x0000005c   Code   RO         1895    i.HAL_RCCEx_GetPeriphCLKFreq  stm32f4xx_hal_rcc_ex.o
    0x08003d68   0x08003d68   0x0000013c   Code   RO         1896    i.HAL_RCCEx_PeriphCLKConfig  stm32f4xx_hal_rcc_ex.o
    0x08003ea4   0x08003ea4   0x00000134   Code   RO         1791    i.HAL_RCC_ClockConfig  stm32f4xx_hal_rcc.o
    0x08003fd8   0x08003fd8   0x00000040   Code   RO         1795    i.HAL_RCC_GetClockConfig  stm32f4xx_hal_rcc.o
    0x08004018   0x08004018   0x00000020   Code   RO         1798    i.HAL_RCC_GetPCLK1Freq  stm32f4xx_hal_rcc.o
    0x08004038   0x08004038   0x00000020   Code   RO         1799    i.HAL_RCC_GetPCLK2Freq  stm32f4xx_hal_rcc.o
    0x08004058   0x08004058   0x00000064   Code   RO         1800    i.HAL_RCC_GetSysClockFreq  stm32f4xx_hal_rcc.o
    0x080040bc   0x080040bc   0x0000035c   Code   RO         1803    i.HAL_RCC_OscConfig  stm32f4xx_hal_rcc.o
    0x08004418   0x08004418   0x00000002   Code   RO         4650    i.HAL_SD_AbortCallback  stm32f4xx_hal_sd.o
    0x0800441a   0x0800441a   0x00000002   Code   RO         4655    i.HAL_SD_ErrorCallback  stm32f4xx_hal_sd.o
    0x0800441c   0x0800441c   0x00000050   Code   RO         4656    i.HAL_SD_GetCardCID  stm32f4xx_hal_sd.o
    0x0800446c   0x0800446c   0x00000198   Code   RO         4657    i.HAL_SD_GetCardCSD  stm32f4xx_hal_sd.o
    0x08004604   0x08004604   0x00000024   Code   RO         4658    i.HAL_SD_GetCardInfo  stm32f4xx_hal_sd.o
    0x08004628   0x08004628   0x0000002c   Code   RO         4659    i.HAL_SD_GetCardState  stm32f4xx_hal_sd.o
    0x08004654   0x08004654   0x00000208   Code   RO         4663    i.HAL_SD_IRQHandler  stm32f4xx_hal_sd.o
    0x0800485c   0x0800485c   0x00000036   Code   RO         4664    i.HAL_SD_Init       stm32f4xx_hal_sd.o
    0x08004892   0x08004892   0x00000002   PAD
    0x08004894   0x08004894   0x00000054   Code   RO         4665    i.HAL_SD_InitCard   stm32f4xx_hal_sd.o
    0x080048e8   0x080048e8   0x00000144   Code   RO         1224    i.HAL_SD_MspInit    sdio.o
    0x08004a2c   0x08004a2c   0x00000002   Code   RO         4671    i.HAL_SD_RxCpltCallback  stm32f4xx_hal_sd.o
    0x08004a2e   0x08004a2e   0x00000002   Code   RO         4672    i.HAL_SD_TxCpltCallback  stm32f4xx_hal_sd.o
    0x08004a30   0x08004a30   0x00000080   Code   RO         4885    i.HAL_SPI_Init      stm32f4xx_hal_spi.o
    0x08004ab0   0x08004ab0   0x00000090   Code   RO         1274    i.HAL_SPI_MspInit   spi.o
    0x08004b40   0x08004b40   0x000001e2   Code   RO         4894    i.HAL_SPI_TransmitReceive  stm32f4xx_hal_spi.o
    0x08004d22   0x08004d22   0x00000056   Code   RO         3561    i.HAL_SRAM_Init     stm32f4xx_hal_sram.o
    0x08004d78   0x08004d78   0x00000004   Code   RO         1056    i.HAL_SRAM_MspInit  fsmc.o
    0x08004d7c   0x08004d7c   0x00000002   Code   RO         5873    i.HAL_TIMEx_BreakCallback  stm32f4xx_hal_tim_ex.o
    0x08004d7e   0x08004d7e   0x00000002   Code   RO         5874    i.HAL_TIMEx_CommutCallback  stm32f4xx_hal_tim_ex.o
    0x08004d80   0x08004d80   0x00000090   Code   RO         5891    i.HAL_TIMEx_MasterConfigSynchronization  stm32f4xx_hal_tim_ex.o
    0x08004e10   0x08004e10   0x00000036   Code   RO         5198    i.HAL_TIM_Base_Init  stm32f4xx_hal_tim.o
    0x08004e46   0x08004e46   0x00000002   PAD
    0x08004e48   0x08004e48   0x000000c0   Code   RO         1316    i.HAL_TIM_Base_MspInit  tim.o
    0x08004f08   0x08004f08   0x00000024   Code   RO         5201    i.HAL_TIM_Base_Start  stm32f4xx_hal_tim.o
    0x08004f2c   0x08004f2c   0x00000022   Code   RO         5203    i.HAL_TIM_Base_Start_IT  stm32f4xx_hal_tim.o
    0x08004f4e   0x08004f4e   0x0000002c   Code   RO         5204    i.HAL_TIM_Base_Stop  stm32f4xx_hal_tim.o
    0x08004f7a   0x08004f7a   0x0000002a   Code   RO         5206    i.HAL_TIM_Base_Stop_IT  stm32f4xx_hal_tim.o
    0x08004fa4   0x08004fa4   0x000000d6   Code   RO         5207    i.HAL_TIM_ConfigClockSource  stm32f4xx_hal_tim.o
    0x0800507a   0x0800507a   0x00000002   Code   RO         5227    i.HAL_TIM_IC_CaptureCallback  stm32f4xx_hal_tim.o
    0x0800507c   0x0800507c   0x00000166   Code   RO         5241    i.HAL_TIM_IRQHandler  stm32f4xx_hal_tim.o
    0x080051e2   0x080051e2   0x00000002   PAD
    0x080051e4   0x080051e4   0x00000054   Code   RO         1317    i.HAL_TIM_MspPostInit  tim.o
    0x08005238   0x08005238   0x00000002   Code   RO         5244    i.HAL_TIM_OC_DelayElapsedCallback  stm32f4xx_hal_tim.o
    0x0800523a   0x0800523a   0x000000d0   Code   RO         5265    i.HAL_TIM_PWM_ConfigChannel  stm32f4xx_hal_tim.o
    0x0800530a   0x0800530a   0x00000036   Code   RO         5268    i.HAL_TIM_PWM_Init  stm32f4xx_hal_tim.o
    0x08005340   0x08005340   0x00000002   Code   RO         5270    i.HAL_TIM_PWM_MspInit  stm32f4xx_hal_tim.o
    0x08005342   0x08005342   0x00000002   Code   RO         5271    i.HAL_TIM_PWM_PulseFinishedCallback  stm32f4xx_hal_tim.o
    0x08005344   0x08005344   0x00000074   Code   RO         5275    i.HAL_TIM_PWM_Start_IT  stm32f4xx_hal_tim.o
    0x080053b8   0x080053b8   0x00000100   Code   RO           14    i.HAL_TIM_PeriodElapsedCallback  main.o
    0x080054b8   0x080054b8   0x00000002   Code   RO         5284    i.HAL_TIM_TriggerCallback  stm32f4xx_hal_tim.o
    0x080054ba   0x080054ba   0x00000002   Code   RO         6145    i.HAL_UART_ErrorCallback  stm32f4xx_hal_uart.o
    0x080054bc   0x080054bc   0x00000062   Code   RO         6149    i.HAL_UART_Init     stm32f4xx_hal_uart.o
    0x0800551e   0x0800551e   0x00000002   PAD
    0x08005520   0x08005520   0x00000060   Code   RO         1387    i.HAL_UART_MspDeInit  usart.o
    0x08005580   0x08005580   0x000000e8   Code   RO         1388    i.HAL_UART_MspInit  usart.o
    0x08005668   0x08005668   0x00000098   Code   RO         6153    i.HAL_UART_Receive_DMA  stm32f4xx_hal_uart.o
    0x08005700   0x08005700   0x000000b4   Code   RO         8854    i.HAL_UART_RxCpltCallback  bsp_rs485.o
    0x080057b4   0x080057b4   0x00000002   Code   RO         6156    i.HAL_UART_RxHalfCpltCallback  stm32f4xx_hal_uart.o
    0x080057b6   0x080057b6   0x000000ba   Code   RO         6157    i.HAL_UART_Transmit  stm32f4xx_hal_uart.o
    0x08005870   0x08005870   0x00000002   Code   RO         1445    i.HardFault_Handler  stm32f4xx_it.o
    0x08005872   0x08005872   0x00000002   PAD
    0x08005874   0x08005874   0x00000030   Code   RO         8090    i.I2C_24C02_Read    bsp_24c02.o
    0x080058a4   0x080058a4   0x0000002c   Code   RO         8091    i.I2C_24C02_Write   bsp_24c02.o
    0x080058d0   0x080058d0   0x00000034   Code   RO         8092    i.I2C_24C02_WriteOneByte  bsp_24c02.o
    0x08005904   0x08005904   0x00000054   Code   RO         8246    i.I2C_DC_Motor_Write  bsp_dc_motor.o
    0x08005958   0x08005958   0x0000002e   Code   RO         3730    i.I2C_IsAcknowledgeFailed  stm32f4xx_hal_i2c.o
    0x08005986   0x08005986   0x00000002   PAD
    0x08005988   0x08005988   0x0000009c   Code   RO         3734    i.I2C_MasterRequestWrite  stm32f4xx_hal_i2c.o
    0x08005a24   0x08005a24   0x000000fc   Code   RO         3740    i.I2C_RequestMemoryRead  stm32f4xx_hal_i2c.o
    0x08005b20   0x08005b20   0x000000a8   Code   RO         3741    i.I2C_RequestMemoryWrite  stm32f4xx_hal_i2c.o
    0x08005bc8   0x08005bc8   0x0000004c   Code   RO         3744    i.I2C_WaitOnBTFFlagUntilTimeout  stm32f4xx_hal_i2c.o
    0x08005c14   0x08005c14   0x00000068   Code   RO         3745    i.I2C_WaitOnFlagUntilTimeout  stm32f4xx_hal_i2c.o
    0x08005c7c   0x08005c7c   0x00000096   Code   RO         3746    i.I2C_WaitOnMasterAddressFlagUntilTimeout  stm32f4xx_hal_i2c.o
    0x08005d12   0x08005d12   0x00000066   Code   RO         3747    i.I2C_WaitOnRXNEFlagUntilTimeout  stm32f4xx_hal_i2c.o
    0x08005d78   0x08005d78   0x0000004c   Code   RO         3748    i.I2C_WaitOnTXEFlagUntilTimeout  stm32f4xx_hal_i2c.o
    0x08005dc4   0x08005dc4   0x00000030   Code   RO         9259    i.I2C_ZLG72128_Read  bsp_zlg72128.o
    0x08005df4   0x08005df4   0x00000034   Code   RO         9260    i.I2C_ZLG72128_WriteOneByte  bsp_zlg72128.o
    0x08005e28   0x08005e28   0x00000048   Code   RO         9261    i.I2C_ZLG72128_Write_buf  bsp_zlg72128.o
    0x08005e70   0x08005e70   0x00000012   Code   RO         9262    i.I2C_ZLG72128_Write_char  bsp_zlg72128.o
    0x08005e82   0x08005e82   0x00000002   PAD
    0x08005e84   0x08005e84   0x00000020   Code   RO         9201    i.I2C_ZLG7290_Read  bsp_zlg7290.o
    0x08005ea4   0x08005ea4   0x00000022   Code   RO         9202    i.I2C_ZLG7290_Write  bsp_zlg7290.o
    0x08005ec6   0x08005ec6   0x00000002   PAD
    0x08005ec8   0x08005ec8   0x00000028   Code   RO         9203    i.I2C_ZLG7290_WriteOneByte  bsp_zlg7290.o
    0x08005ef0   0x08005ef0   0x00000060   Code   RO         4308    i.I2SEx_RxISR_I2SExt  stm32f4xx_hal_i2s_ex.o
    0x08005f50   0x08005f50   0x00000060   Code   RO         4309    i.I2SEx_TxISR_I2SExt  stm32f4xx_hal_i2s_ex.o
    0x08005fb0   0x08005fb0   0x000000f2   Code   RO         4148    i.I2S_IRQHandler    stm32f4xx_hal_i2s.o
    0x080060a2   0x080060a2   0x00000002   PAD
    0x080060a4   0x080060a4   0x00000030   Code   RO         8420    i.LCD_Clear         bsp_lcd.o
    0x080060d4   0x080060d4   0x0000003c   Code   RO         8424    i.LCD_Display_Dir   bsp_lcd.o
    0x08006110   0x08006110   0x0000005c   Code   RO         8426    i.LCD_DrawPicture   bsp_lcd.o
    0x0800616c   0x0800616c   0x00000014   Code   RO         8428    i.LCD_DrawPoint_pic  bsp_lcd.o
    0x08006180   0x08006180   0x00000068   Code   RO         8432    i.LCD_Fast_DrawPoint  bsp_lcd.o
    0x080061e8   0x080061e8   0x00000f8e   Code   RO         8434    i.LCD_Init          bsp_lcd.o
    0x08007176   0x08007176   0x00000002   PAD
    0x08007178   0x08007178   0x000000f0   Code   RO         8440    i.LCD_Scan_Dir      bsp_lcd.o
    0x08007268   0x08007268   0x00000048   Code   RO         8441    i.LCD_SetCursor     bsp_lcd.o
    0x080072b0   0x080072b0   0x000000d4   Code   RO         8443    i.LCD_ShowChar      bsp_lcd.o
    0x08007384   0x08007384   0x00000054   Code   RO         8445    i.LCD_ShowString    bsp_lcd.o
    0x080073d8   0x080073d8   0x00000118   Code   RO         7792    i.LCD_Touch_AnalysisArea  app_operate.o
    0x080074f0   0x080074f0   0x000002a4   Code   RO         7793    i.LCD_Touch_Performer  app_operate.o
    0x08007794   0x08007794   0x0000000e   Code   RO         8447    i.LCD_WR_DATA       bsp_lcd.o
    0x080077a2   0x080077a2   0x0000000e   Code   RO         8448    i.LCD_WR_REG        bsp_lcd.o
    0x080077b0   0x080077b0   0x00000010   Code   RO         8450    i.LCD_WriteRAM_Prepare  bsp_lcd.o
    0x080077c0   0x080077c0   0x0000000a   Code   RO         8451    i.LCD_WriteReg      bsp_lcd.o
    0x080077ca   0x080077ca   0x00000002   PAD
    0x080077cc   0x080077cc   0x000000f4   Code   RO         9204    i.LCD_ZLG_ToString  bsp_zlg7290.o
    0x080078c0   0x080078c0   0x00000050   Code   RO         8695    i.LM75GetTempValue  bsp_lm75a.o
    0x08007910   0x08007910   0x000008f4   Code   RO          726    i.LcdDisplayTask    freertos.o
    0x08008204   0x08008204   0x000000a4   Code   RO          616    i.MX_ADC3_Init      adc.o
    0x080082a8   0x080082a8   0x00000048   Code   RO          658    i.MX_CAN1_Init      can.o
    0x080082f0   0x080082f0   0x0000007c   Code   RO          698    i.MX_DMA_Init       dma.o
    0x0800836c   0x0800836c   0x00000028   Code   RO          727    i.MX_FREERTOS_Init  freertos.o
    0x08008394   0x08008394   0x00000088   Code   RO         1057    i.MX_FSMC_Init      fsmc.o
    0x0800841c   0x0800841c   0x000002b4   Code   RO          442    i.MX_GPIO_Init      gpio.o
    0x080086d0   0x080086d0   0x00000040   Code   RO         1104    i.MX_I2C1_Init      i2c.o
    0x08008710   0x08008710   0x0000003c   Code   RO         1152    i.MX_I2S2_Init      i2s.o
    0x0800874c   0x0800874c   0x00000020   Code   RO         1225    i.MX_SDIO_SD_Init   sdio.o
    0x0800876c   0x0800876c   0x00000044   Code   RO         1275    i.MX_SPI1_Init      spi.o
    0x080087b0   0x080087b0   0x00000088   Code   RO         1318    i.MX_TIM12_Init     tim.o
    0x08008838   0x08008838   0x00000064   Code   RO         1319    i.MX_TIM2_Init      tim.o
    0x0800889c   0x0800889c   0x00000064   Code   RO         1320    i.MX_TIM4_Init      tim.o
    0x08008900   0x08008900   0x00000068   Code   RO         1321    i.MX_TIM5_Init      tim.o
    0x08008968   0x08008968   0x0000004c   Code   RO         1322    i.MX_TIM9_Init      tim.o
    0x080089b4   0x080089b4   0x00000038   Code   RO         1389    i.MX_USART1_UART_Init  usart.o
    0x080089ec   0x080089ec   0x00000038   Code   RO         1390    i.MX_USART3_UART_Init  usart.o
    0x08008a24   0x08008a24   0x0000005c   Code   RO         8722    i.MY_IIC_Ack        bsp_myi2c.o
    0x08008a80   0x08008a80   0x00000050   Code   RO         8723    i.MY_IIC_NAck       bsp_myi2c.o
    0x08008ad0   0x08008ad0   0x00000068   Code   RO         8724    i.MY_IIC_Read_Byte  bsp_myi2c.o
    0x08008b38   0x08008b38   0x00000070   Code   RO         8725    i.MY_IIC_Send_Byte  bsp_myi2c.o
    0x08008ba8   0x08008ba8   0x0000004c   Code   RO         8726    i.MY_IIC_Start      bsp_myi2c.o
    0x08008bf4   0x08008bf4   0x0000004c   Code   RO         8727    i.MY_IIC_Stop       bsp_myi2c.o
    0x08008c40   0x08008c40   0x00000060   Code   RO         8728    i.MY_IIC_Wait_Ack   bsp_myi2c.o
    0x08008ca0   0x08008ca0   0x00000020   Code   RO         8729    i.MY_SDA_IN         bsp_myi2c.o
    0x08008cc0   0x08008cc0   0x00000024   Code   RO         8730    i.MY_SDA_OUT        bsp_myi2c.o
    0x08008ce4   0x08008ce4   0x00000002   Code   RO         1446    i.MemManage_Handler  stm32f4xx_it.o
    0x08008ce6   0x08008ce6   0x00000002   Code   RO         1447    i.NMI_Handler       stm32f4xx_it.o
    0x08008ce8   0x08008ce8   0x0000003c   Code   RO         8018    i.OS_mem_init       os_malloc.o
    0x08008d24   0x08008d24   0x00000038   Code   RO         8019    i.OS_mem_perused    os_malloc.o
    0x08008d5c   0x08008d5c   0x0000000e   Code   RO         8021    i.OS_memset         os_malloc.o
    0x08008d6a   0x08008d6a   0x00000002   PAD
    0x08008d6c   0x08008d6c   0x00000040   Code   RO         8855    i.RS485_Test        bsp_rs485.o
    0x08008dac   0x08008dac   0x00000094   Code   RO         8136    i.Read_SensorValue  bsp_adcsensor.o
    0x08008e40   0x08008e40   0x000000f4   Code   RO         8347    i.Remote_Infrared_KEY_ISR  bsp_infrared.o
    0x08008f34   0x08008f34   0x00000028   Code   RO         8348    i.Remote_Infrared_KeyDeCode  bsp_infrared.o
    0x08008f5c   0x08008f5c   0x00000008   Code   RO         4389    i.SDIO_GetPowerState  stm32f4xx_ll_sdmmc.o
    0x08008f64   0x08008f64   0x00000006   Code   RO         4390    i.SDIO_GetResponse  stm32f4xx_ll_sdmmc.o
    0x08008f6a   0x08008f6a   0x00000002   PAD
    0x08008f6c   0x08008f6c   0x0000000c   Code   RO         1448    i.SDIO_IRQHandler   stm32f4xx_it.o
    0x08008f78   0x08008f78   0x00000024   Code   RO         4391    i.SDIO_Init         stm32f4xx_ll_sdmmc.o
    0x08008f9c   0x08008f9c   0x00000010   Code   RO         4393    i.SDIO_PowerState_ON  stm32f4xx_ll_sdmmc.o
    0x08008fac   0x08008fac   0x00000006   Code   RO         4394    i.SDIO_ReadFIFO     stm32f4xx_ll_sdmmc.o
    0x08008fb2   0x08008fb2   0x00000002   PAD
    0x08008fb4   0x08008fb4   0x000000b0   Code   RO         1226    i.SDIO_SD_Test      sdio.o
    0x08009064   0x08009064   0x00000020   Code   RO         4395    i.SDIO_SendCommand  stm32f4xx_ll_sdmmc.o
    0x08009084   0x08009084   0x0000000a   Code   RO         4397    i.SDIO_WriteFIFO    stm32f4xx_ll_sdmmc.o
    0x0800908e   0x0800908e   0x00000032   Code   RO         4398    i.SDMMC_CmdAppCommand  stm32f4xx_ll_sdmmc.o
    0x080090c0   0x080090c0   0x00000034   Code   RO         4399    i.SDMMC_CmdAppOperCommand  stm32f4xx_ll_sdmmc.o
    0x080090f4   0x080090f4   0x00000050   Code   RO         4405    i.SDMMC_CmdGoIdleState  stm32f4xx_ll_sdmmc.o
    0x08009144   0x08009144   0x00000074   Code   RO         4407    i.SDMMC_CmdOperCond  stm32f4xx_ll_sdmmc.o
    0x080091b8   0x080091b8   0x00000032   Code   RO         4412    i.SDMMC_CmdSelDesel  stm32f4xx_ll_sdmmc.o
    0x080091ea   0x080091ea   0x0000002c   Code   RO         4413    i.SDMMC_CmdSendCID  stm32f4xx_ll_sdmmc.o
    0x08009216   0x08009216   0x0000002c   Code   RO         4414    i.SDMMC_CmdSendCSD  stm32f4xx_ll_sdmmc.o
    0x08009242   0x08009242   0x00000032   Code   RO         4416    i.SDMMC_CmdSendStatus  stm32f4xx_ll_sdmmc.o
    0x08009274   0x08009274   0x00000030   Code   RO         4417    i.SDMMC_CmdSetRelAdd  stm32f4xx_ll_sdmmc.o
    0x080092a4   0x080092a4   0x00000034   Code   RO         4419    i.SDMMC_CmdStopTransfer  stm32f4xx_ll_sdmmc.o
    0x080092d8   0x080092d8   0x00000120   Code   RO         4423    i.SDMMC_GetCmdResp1  stm32f4xx_ll_sdmmc.o
    0x080093f8   0x080093f8   0x00000050   Code   RO         4424    i.SDMMC_GetCmdResp2  stm32f4xx_ll_sdmmc.o
    0x08009448   0x08009448   0x00000044   Code   RO         4425    i.SDMMC_GetCmdResp3  stm32f4xx_ll_sdmmc.o
    0x0800948c   0x0800948c   0x00000088   Code   RO         4426    i.SDMMC_GetCmdResp6  stm32f4xx_ll_sdmmc.o
    0x08009514   0x08009514   0x00000044   Code   RO         4678    i.SD_DMARxAbort     stm32f4xx_hal_sd.o
    0x08009558   0x08009558   0x00000044   Code   RO         4680    i.SD_DMATxAbort     stm32f4xx_hal_sd.o
    0x0800959c   0x0800959c   0x000000ee   Code   RO         4682    i.SD_InitCard       stm32f4xx_hal_sd.o
    0x0800968a   0x0800968a   0x00000002   PAD
    0x0800968c   0x0800968c   0x000000b4   Code   RO         4683    i.SD_PowerON        stm32f4xx_hal_sd.o
    0x08009740   0x08009740   0x00000058   Code   RO         4923    i.SPI_EndRxTxTransaction  stm32f4xx_hal_spi.o
    0x08009798   0x08009798   0x00000094   Code   RO         4928    i.SPI_WaitFlagStateUntilTimeout  stm32f4xx_hal_spi.o
    0x0800982c   0x0800982c   0x0000001c   Code   RO         8247    i.Set_DC_Motor_B    bsp_dc_motor.o
    0x08009848   0x08009848   0x0000002c   Code   RO         8249    i.Set_Dc_Motor_Stop  bsp_dc_motor.o
    0x08009874   0x08009874   0x00000028   Code   RO         8250    i.Set_Dc_Motor_V    bsp_dc_motor.o
    0x0800989c   0x0800989c   0x0000002c   Code   RO         7712    i.SysTick_Handler   port.o
    0x080098c8   0x080098c8   0x0000009c   Code   RO           15    i.SystemClock_Config  main.o
    0x08009964   0x08009964   0x0000001c   Code   RO         6451    i.SystemInit        system_stm32f4xx.o
    0x08009980   0x08009980   0x0000000c   Code   RO         1449    i.TIM1_BRK_TIM9_IRQHandler  stm32f4xx_it.o
    0x0800998c   0x0800998c   0x0000000c   Code   RO         1450    i.TIM1_UP_TIM10_IRQHandler  stm32f4xx_it.o
    0x08009998   0x08009998   0x0000000c   Code   RO         1451    i.TIM4_IRQHandler   stm32f4xx_it.o
    0x080099a4   0x080099a4   0x0000000c   Code   RO         1452    i.TIM5_IRQHandler   stm32f4xx_it.o
    0x080099b0   0x080099b0   0x000000c8   Code   RO         5286    i.TIM_Base_SetConfig  stm32f4xx_hal_tim.o
    0x08009a78   0x08009a78   0x0000001a   Code   RO         5287    i.TIM_CCxChannelCmd  stm32f4xx_hal_tim.o
    0x08009a92   0x08009a92   0x00000014   Code   RO         5297    i.TIM_ETR_SetConfig  stm32f4xx_hal_tim.o
    0x08009aa6   0x08009aa6   0x00000010   Code   RO         5298    i.TIM_ITRx_SetConfig  stm32f4xx_hal_tim.o
    0x08009ab6   0x08009ab6   0x00000002   PAD
    0x08009ab8   0x08009ab8   0x00000060   Code   RO         5299    i.TIM_OC1_SetConfig  stm32f4xx_hal_tim.o
    0x08009b18   0x08009b18   0x0000006c   Code   RO         5300    i.TIM_OC2_SetConfig  stm32f4xx_hal_tim.o
    0x08009b84   0x08009b84   0x00000068   Code   RO         5301    i.TIM_OC3_SetConfig  stm32f4xx_hal_tim.o
    0x08009bec   0x08009bec   0x00000050   Code   RO         5302    i.TIM_OC4_SetConfig  stm32f4xx_hal_tim.o
    0x08009c3c   0x08009c3c   0x00000022   Code   RO         5304    i.TIM_TI1_ConfigInputStage  stm32f4xx_hal_tim.o
    0x08009c5e   0x08009c5e   0x00000024   Code   RO         5306    i.TIM_TI2_ConfigInputStage  stm32f4xx_hal_tim.o
    0x08009c82   0x08009c82   0x00000002   PAD
    0x08009c84   0x08009c84   0x00000028   Code   RO         8656    i.TP_Init           bsp_lcdtouch.o
    0x08009cac   0x08009cac   0x0000004a   Code   RO         6163    i.UART_DMAError     stm32f4xx_hal_uart.o
    0x08009cf6   0x08009cf6   0x0000003c   Code   RO         6164    i.UART_DMAReceiveCplt  stm32f4xx_hal_uart.o
    0x08009d32   0x08009d32   0x0000000a   Code   RO         6166    i.UART_DMARxHalfCplt  stm32f4xx_hal_uart.o
    0x08009d3c   0x08009d3c   0x0000001c   Code   RO         6172    i.UART_EndRxTransfer  stm32f4xx_hal_uart.o
    0x08009d58   0x08009d58   0x00000012   Code   RO         6173    i.UART_EndTxTransfer  stm32f4xx_hal_uart.o
    0x08009d6a   0x08009d6a   0x00000002   PAD
    0x08009d6c   0x08009d6c   0x00000128   Code   RO         6175    i.UART_SetConfig    stm32f4xx_hal_uart.o
    0x08009e94   0x08009e94   0x00000064   Code   RO         6177    i.UART_WaitOnFlagUntilTimeout  stm32f4xx_hal_uart.o
    0x08009ef8   0x08009ef8   0x00000002   Code   RO         1453    i.UsageFault_Handler  stm32f4xx_it.o
    0x08009efa   0x08009efa   0x00000002   PAD
    0x08009efc   0x08009efc   0x00000020   Code   RO         9571    i.__0printf         mc_w.l(printfa.o)
    0x08009f1c   0x08009f1c   0x00000030   Code   RO         9572    i.__0snprintf       mc_w.l(printfa.o)
    0x08009f4c   0x08009f4c   0x00000028   Code   RO         9573    i.__0sprintf        mc_w.l(printfa.o)
    0x08009f74   0x08009f74   0x00000020   Code   RO         2547    i.__NVIC_SetPriority  stm32f4xx_hal_cortex.o
    0x08009f94   0x08009f94   0x0000000e   Code   RO         9651    i.__scatterload_copy  mc_w.l(handlers.o)
    0x08009fa2   0x08009fa2   0x00000002   Code   RO         9652    i.__scatterload_null  mc_w.l(handlers.o)
    0x08009fa4   0x08009fa4   0x0000000e   Code   RO         9653    i.__scatterload_zeroinit  mc_w.l(handlers.o)
    0x08009fb2   0x08009fb2   0x00000002   PAD
    0x08009fb4   0x08009fb4   0x00000184   Code   RO         9578    i._fp_digits        mc_w.l(printfa.o)
    0x0800a138   0x0800a138   0x000006dc   Code   RO         9579    i._printf_core      mc_w.l(printfa.o)
    0x0800a814   0x0800a814   0x00000024   Code   RO         9580    i._printf_post_padding  mc_w.l(printfa.o)
    0x0800a838   0x0800a838   0x0000002e   Code   RO         9581    i._printf_pre_padding  mc_w.l(printfa.o)
    0x0800a866   0x0800a866   0x00000016   Code   RO         9582    i._snputc           mc_w.l(printfa.o)
    0x0800a87c   0x0800a87c   0x0000000a   Code   RO         9583    i._sputc            mc_w.l(printfa.o)
    0x0800a886   0x0800a886   0x00000002   PAD
    0x0800a888   0x0800a888   0x00000030   Code   RO         7989    i.delay_us          os_delay.o
    0x0800a8b8   0x0800a8b8   0x00000018   Code   RO         7952    i.fputc             os_debug.o
    0x0800a8d0   0x0800a8d0   0x0000000e   Code   RO          728    i.getLCDTouchTask   freertos.o
    0x0800a8de   0x0800a8de   0x00000002   PAD
    0x0800a8e0   0x0800a8e0   0x00000090   Code   RO         8093    i.iic_24c02_test    bsp_24c02.o
    0x0800a970   0x0800a970   0x000000a0   Code   RO           16    i.main              main.o
    0x0800aa10   0x0800aa10   0x0000000c   Code   RO         7283    i.makeFreeRtosPriority  cmsis_os.o
    0x0800aa1c   0x0800aa1c   0x0000000e   Code   RO         7285    i.osDelay           cmsis_os.o
    0x0800aa2a   0x0800aa2a   0x0000000a   Code   RO         7288    i.osKernelStart     cmsis_os.o
    0x0800aa34   0x0800aa34   0x00000054   Code   RO         7322    i.osThreadCreate    cmsis_os.o
    0x0800aa88   0x0800aa88   0x00000070   Code   RO         6977    i.prvAddCurrentTaskToDelayedList  tasks.o
    0x0800aaf8   0x0800aaf8   0x000000d0   Code   RO         6978    i.prvAddNewTaskToReadyList  tasks.o
    0x0800abc8   0x0800abc8   0x00000034   Code   RO         6979    i.prvDeleteTCB      tasks.o
    0x0800abfc   0x0800abfc   0x0000004c   Code   RO         7650    i.prvHeapInit       heap_4.o
    0x0800ac48   0x0800ac48   0x00000060   Code   RO         6980    i.prvIdleTask       tasks.o
    0x0800aca8   0x0800aca8   0x00000098   Code   RO         6981    i.prvInitialiseNewTask  tasks.o
    0x0800ad40   0x0800ad40   0x0000004c   Code   RO         7651    i.prvInsertBlockIntoFreeList  heap_4.o
    0x0800ad8c   0x0800ad8c   0x00000020   Code   RO         6982    i.prvResetNextTaskUnblockTime  tasks.o
    0x0800adac   0x0800adac   0x00000028   Code   RO         7713    i.prvTaskExitError  port.o
    0x0800add4   0x0800add4   0x000000d8   Code   RO         7652    i.pvPortMalloc      heap_4.o
    0x0800aeac   0x0800aeac   0x0000002c   Code   RO         7714    i.pxPortInitialiseStack  port.o
    0x0800aed8   0x0800aed8   0x00000048   Code   RO         8989    i.sFLASH_EraseSector  bsp_w25x16.o
    0x0800af20   0x0800af20   0x00000058   Code   RO         8990    i.sFLASH_ReadBuffer  bsp_w25x16.o
    0x0800af78   0x0800af78   0x0000004c   Code   RO         8991    i.sFLASH_ReadID     bsp_w25x16.o
    0x0800afc4   0x0800afc4   0x00000028   Code   RO         8992    i.sFLASH_SendByte   bsp_w25x16.o
    0x0800afec   0x0800afec   0x00000030   Code   RO         8993    i.sFLASH_WaitForWriteEnd  bsp_w25x16.o
    0x0800b01c   0x0800b01c   0x000000bc   Code   RO         8994    i.sFLASH_WriteBuffer  bsp_w25x16.o
    0x0800b0d8   0x0800b0d8   0x00000028   Code   RO         8995    i.sFLASH_WriteEnable  bsp_w25x16.o
    0x0800b100   0x0800b100   0x0000005c   Code   RO         8996    i.sFLASH_WritePage  bsp_w25x16.o
    0x0800b15c   0x0800b15c   0x00000138   Code   RO         8997    i.spi_flash_test    bsp_w25x16.o
    0x0800b294   0x0800b294   0x00000064   Code   RO          729    i.statMainTask      freertos.o
    0x0800b2f8   0x0800b2f8   0x000000ac   Code   RO         9263    i.switch_flag       bsp_zlg72128.o
    0x0800b3a4   0x0800b3a4   0x0000005c   Code   RO         9264    i.swtich_key        bsp_zlg72128.o
    0x0800b400   0x0800b400   0x0000002c   Code   RO         9265    i.swtich_key_func   bsp_zlg72128.o
    0x0800b42c   0x0800b42c   0x00000026   Code   RO         6589    i.uxListRemove      list.o
    0x0800b452   0x0800b452   0x00000002   PAD
    0x0800b454   0x0800b454   0x00000014   Code   RO          730    i.vApplicationGetIdleTaskMemory  freertos.o
    0x0800b468   0x0800b468   0x00000016   Code   RO         6590    i.vListInitialise   list.o
    0x0800b47e   0x0800b47e   0x00000006   Code   RO         6591    i.vListInitialiseItem  list.o
    0x0800b484   0x0800b484   0x00000030   Code   RO         6592    i.vListInsert       list.o
    0x0800b4b4   0x0800b4b4   0x00000018   Code   RO         6593    i.vListInsertEnd    list.o
    0x0800b4cc   0x0800b4cc   0x00000040   Code   RO         7716    i.vPortEnterCritical  port.o
    0x0800b50c   0x0800b50c   0x00000028   Code   RO         7717    i.vPortExitCritical  port.o
    0x0800b534   0x0800b534   0x0000005c   Code   RO         7653    i.vPortFree         heap_4.o
    0x0800b590   0x0800b590   0x00000024   Code   RO         7718    i.vPortSetupTimerInterrupt  port.o
    0x0800b5b4   0x0800b5b4   0x0000004c   Code   RO         6990    i.vTaskDelay        tasks.o
    0x0800b600   0x0800b600   0x0000006c   Code   RO         7003    i.vTaskStartScheduler  tasks.o
    0x0800b66c   0x0800b66c   0x000000bc   Code   RO         7004    i.vTaskSuspend      tasks.o
    0x0800b728   0x0800b728   0x00000010   Code   RO         7005    i.vTaskSuspendAll   tasks.o
    0x0800b738   0x0800b738   0x0000005c   Code   RO         7006    i.vTaskSwitchContext  tasks.o
    0x0800b794   0x0800b794   0x000000b4   Code   RO         9205    i.write_LcdDisplay  bsp_zlg7290.o
    0x0800b848   0x0800b848   0x000000f4   Code   RO         7720    i.xPortStartScheduler  port.o
    0x0800b93c   0x0800b93c   0x0000005a   Code   RO         7008    i.xTaskCreate       tasks.o
    0x0800b996   0x0800b996   0x00000056   Code   RO         7009    i.xTaskCreateStatic  tasks.o
    0x0800b9ec   0x0800b9ec   0x000000c8   Code   RO         7016    i.xTaskIncrementTick  tasks.o
    0x0800bab4   0x0800bab4   0x000000c4   Code   RO         7022    i.xTaskResumeAll    tasks.o
    0x0800bb78   0x0800bb78   0x00000005   Data   RO           17    .constdata          main.o
    0x0800bb7d   0x0800bb7d   0x00000003   PAD
    0x0800bb80   0x0800bb80   0x0000008b   Data   RO          733    .constdata          freertos.o
    0x0800bc0b   0x0800bc0b   0x0000000d   Data   RO         1228    .constdata          sdio.o
    0x0800bc18   0x0800bc18   0x00000008   Data   RO         2264    .constdata          stm32f4xx_hal_dma.o
    0x0800bc20   0x0800bc20   0x00000010   Data   RO         6452    .constdata          system_stm32f4xx.o
    0x0800bc30   0x0800bc30   0x00000008   Data   RO         6453    .constdata          system_stm32f4xx.o
    0x0800bc38   0x0800bc38   0x0000002b   Data   RO         7794    .constdata          app_operate.o
    0x0800bc63   0x0800bc63   0x0002ee0e   Data   RO         7871    .constdata          app_startshow.o
    0x0803aa71   0x0803aa71   0x00000003   PAD
    0x0803aa74   0x0803aa74   0x00000024   Data   RO         8030    .constdata          os_malloc.o
    0x0803aa98   0x0803aa98   0x00000055   Data   RO         8200    .constdata          bsp_can.o
    0x0803aaed   0x0803aaed   0x000000c8   Data   RO         8299    .constdata          bsp_gt9147.o
    0x0803abb5   0x0803abb5   0x00000001   PAD
    0x0803abb6   0x0803abb6   0x0000000a   Data   RO         8300    .constdata          bsp_gt9147.o
    0x0803abc0   0x0803abc0   0x000017c9   Data   RO         8456    .constdata          bsp_lcd.o
    0x0803c389   0x0803c389   0x00000018   Data   RO         8856    .constdata          bsp_rs485.o
    0x0803c3a1   0x0803c3a1   0x0000000f   Data   RO         8999    .constdata          bsp_w25x16.o
    0x0803c3b0   0x0803c3b0   0x0000003b   Data   RO          734    .conststring        freertos.o
    0x0803c3eb   0x0803c3eb   0x00000001   PAD
    0x0803c3ec   0x0803c3ec   0x0000004a   Data   RO         9000    .conststring        bsp_w25x16.o
    0x0803c436   0x0803c436   0x00000002   PAD
    0x0803c438   0x0803c438   0x00000020   Data   RO         9649    Region$$Table       anon$$obj.o


    Execution Region RW_IRAM1 (Exec base: 0x20000000, Load base: 0x0803c458, Size: 0x00017ad0, Max: 0x00020000, ABSOLUTE, COMPRESSED[0x00000094])

    Exec Addr    Load Addr    Size         Type   Attr      Idx    E Section Name        Object

    0x20000000   COMPRESSED   0x00000001   Data   RW           18    .data               main.o
    0x20000001   COMPRESSED   0x00000001   Data   RW          444    .data               gpio.o
    0x20000002   COMPRESSED   0x00000002   PAD
    0x20000004   COMPRESSED   0x0000001c   Data   RW          735    .data               freertos.o
    0x20000020   COMPRESSED   0x00000008   Data   RW         1059    .data               fsmc.o
    0x20000028   COMPRESSED   0x0000000c   Data   RW         2691    .data               stm32f4xx_hal.o
    0x20000034   COMPRESSED   0x00000004   Data   RW         6454    .data               system_stm32f4xx.o
    0x20000038   COMPRESSED   0x0000003c   Data   RW         7025    .data               tasks.o
    0x20000074   COMPRESSED   0x00000018   Data   RW         7658    .data               heap_4.o
    0x2000008c   COMPRESSED   0x0000000c   Data   RW         7721    .data               port.o
    0x20000098   COMPRESSED   0x0000000e   Data   RW         7795    .data               app_operate.o
    0x200000a6   COMPRESSED   0x00000002   PAD
    0x200000a8   COMPRESSED   0x00000024   Data   RW         8031    .data               os_malloc.o
    0x200000cc   COMPRESSED   0x00000004   Data   RW         8094    .data               bsp_24c02.o
    0x200000d0   COMPRESSED   0x00000008   Data   RW         8137    .data               bsp_adcsensor.o
    0x200000d8   COMPRESSED   0x00000001   Data   RW         8201    .data               bsp_can.o
    0x200000d9   COMPRESSED   0x00000003   PAD
    0x200000dc   COMPRESSED   0x00000004   Data   RW         8251    .data               bsp_dc_motor.o
    0x200000e0   COMPRESSED   0x00000014   Data   RW         8351    .data               bsp_infrared.o
    0x200000f4   COMPRESSED   0x00000008   Data   RW         8457    .data               bsp_lcd.o
    0x200000fc   COMPRESSED   0x00000004   Data   RW         8696    .data               bsp_lm75a.o
    0x20000100   COMPRESSED   0x00000003   Data   RW         8857    .data               bsp_rs485.o
    0x20000103   COMPRESSED   0x0000001d   Data   RW         9001    .data               bsp_w25x16.o
    0x20000120   COMPRESSED   0x00000078   Data   RW         9087    .data               bsp_wm8978.o
    0x20000198   COMPRESSED   0x00000014   Data   RW         9206    .data               bsp_zlg7290.o
    0x200001ac   COMPRESSED   0x00000018   Data   RW         9267    .data               bsp_zlg72128.o
    0x200001c4   COMPRESSED   0x00000004   Data   RW         9625    .data               mc_w.l(stdout.o)
    0x200001c8        -       0x000000a8   Zero   RW          617    .bss                adc.o
    0x20000270        -       0x00000028   Zero   RW          659    .bss                can.o
    0x20000298        -       0x00000254   Zero   RW          732    .bss                freertos.o
    0x200004ec        -       0x00000050   Zero   RW         1058    .bss                fsmc.o
    0x2000053c        -       0x00000054   Zero   RW         1105    .bss                i2c.o
    0x20000590        -       0x000000a8   Zero   RW         1153    .bss                i2s.o
    0x20000638        -       0x00000144   Zero   RW         1227    .bss                sdio.o
    0x2000077c        -       0x00000058   Zero   RW         1276    .bss                spi.o
    0x200007d4        -       0x00000140   Zero   RW         1323    .bss                tim.o
    0x20000914        -       0x000000e0   Zero   RW         1391    .bss                usart.o
    0x200009f4        -       0x00000040   Zero   RW         1601    .bss                stm32f4xx_hal_timebase_tim.o
    0x20000a34        -       0x000000f0   Zero   RW         7024    .bss                tasks.o
    0x20000b24        -       0x00005000   Zero   RW         7657    .bss                heap_4.o
    0x20005b24   COMPRESSED   0x0000001c   PAD
    0x20005b40        -       0x0000f000   Zero   RW         8028    .bss                os_malloc.o
    0x20014b40        -       0x00000f00   Zero   RW         8029    .bss                os_malloc.o
    0x20015a40        -       0x00000034   Zero   RW         8199    .bss                bsp_can.o
    0x20015a74        -       0x0000000e   Zero   RW         8455    .bss                bsp_lcd.o
    0x20015a82   COMPRESSED   0x00000002   PAD
    0x20015a84        -       0x00000028   Zero   RW         8657    .bss                bsp_lcdtouch.o
    0x20015aac        -       0x0000001b   Zero   RW         8998    .bss                bsp_w25x16.o
    0x20015ac7        -       0x00000009   Zero   RW         9266    .bss                bsp_zlg72128.o
    0x20015ad0        -       0x00002000   Zero   RW            1    STACK               startup_stm32f407xx.o



  Load Region LR$$.ARM.__AT_0x10000000 (Base: 0x10000000, Size: 0x00000000, Max: 0x0000f000, ABSOLUTE)

    Execution Region ER$$.ARM.__AT_0x10000000 (Exec base: 0x10000000, Load base: 0x10000000, Size: 0x0000f000, Max: 0x0000f000, ABSOLUTE, UNINIT)

    Exec Addr    Load Addr    Size         Type   Attr      Idx    E Section Name        Object

    0x10000000        -       0x0000f000   Zero   RW         8024    .ARM.__AT_0x10000000  os_malloc.o



  Load Region LR$$.ARM.__AT_0x1000F000 (Base: 0x1000f000, Size: 0x00000000, Max: 0x00000f00, ABSOLUTE)

    Execution Region ER$$.ARM.__AT_0x1000F000 (Exec base: 0x1000f000, Load base: 0x1000f000, Size: 0x00000f00, Max: 0x00000f00, ABSOLUTE, UNINIT)

    Exec Addr    Load Addr    Size         Type   Attr      Idx    E Section Name        Object

    0x1000f000        -       0x00000f00   Zero   RW         8025    .ARM.__AT_0x1000F000  os_malloc.o



  Load Region LR$$.ARM.__AT_0x68000000 (Base: 0x68000000, Size: 0x00000000, Max: 0x000f0000, ABSOLUTE)

    Execution Region ER$$.ARM.__AT_0x68000000 (Exec base: 0x68000000, Load base: 0x68000000, Size: 0x000f0000, Max: 0x000f0000, ABSOLUTE, UNINIT)

    Exec Addr    Load Addr    Size         Type   Attr      Idx    E Section Name        Object

    0x68000000        -       0x000f0000   Zero   RW         8026    .ARM.__AT_0x68000000  os_malloc.o



  Load Region LR$$.ARM.__AT_0x680F0000 (Base: 0x680f0000, Size: 0x00000000, Max: 0x0000f000, ABSOLUTE)

    Execution Region ER$$.ARM.__AT_0x680F0000 (Exec base: 0x680f0000, Load base: 0x680f0000, Size: 0x0000f000, Max: 0x0000f000, ABSOLUTE, UNINIT)

    Exec Addr    Load Addr    Size         Type   Attr      Idx    E Section Name        Object

    0x680f0000        -       0x0000f000   Zero   RW         8027    .ARM.__AT_0x680F0000  os_malloc.o


==============================================================================

Image component sizes


      Code (inc. data)   RO Data    RW Data    ZI Data      Debug   Object Name

       320         32          0          0        168       2051   adc.o
      1356        288         43         14          0       4006   app_operate.o
      1676        932     192014          0          0       3721   app_startshow.o
       288         20          0          4          0       4006   bsp_24c02.o
       148         16          0          8          0       1503   bsp_adcsensor.o
       920        562         85          1         52       4131   bsp_can.o
       196         26          0          4          0       3567   bsp_dc_motor.o
       566        104        210          0          0       4124   bsp_gt9147.o
       284         16          0         20          0       3804   bsp_infrared.o
      4968         96       6089          8         14      14673   bsp_lcd.o
        40          8          0          0         40       1427   bsp_lcdtouch.o
        80         16          0          4          0       1387   bsp_lm75a.o
       704         74          0          0          0       6364   bsp_myi2c.o
       320        130         24          3          0       3478   bsp_rs485.o
       956        178         89         29         27       7720   bsp_w25x16.o
       190          8          0        120          0       2326   bsp_wm8978.o
       498         76          0         24          9       6717   bsp_zlg72128.o
       636        236          0         20          0       5725   bsp_zlg7290.o
       252         38          0          0         40       2541   can.o
       120          0          0          0          0      23561   cmsis_os.o
       124          4          0          0          0        954   dma.o
         0          0          0          0          0      15856   event_groups.o
      2746       1296        198         28        596      42456   freertos.o
       312         34          0          8         80       2559   fsmc.o
       744         56          0          1          0     765786   gpio.o
       460         24          0         24      20480       7703   heap_4.o
       168         26          0          0         84       1901   i2c.o
       288         32          0          0        168       2130   i2s.o
       138          0          0          0          0       3870   list.o
       574        114          5          1          0     675363   main.o
        24          4          0          0          0        556   os_debug.o
        48          4          0          0          0        627   os_delay.o
       130         16         36         36    1175040       3234   os_malloc.o
       702         72          0         12          0      11668   port.o
       532        130         13          0        324       2898   sdio.o
       212         24          0          0         88       1957   spi.o
        36          8        392          0       8192        880   startup_stm32f407xx.o
       116         18          0         12          0       9102   stm32f4xx_hal.o
      1252         64          0          0          0       8840   stm32f4xx_hal_adc.o
      1638          6          0          0          0      15363   stm32f4xx_hal_can.o
       192         14          0          0          0      34180   stm32f4xx_hal_cortex.o
      1178         16          8          0          0       8631   stm32f4xx_hal_dma.o
       858         92          0          0          0       5641   stm32f4xx_hal_gpio.o
      2630         68          0          0          0      15756   stm32f4xx_hal_i2c.o
       620         18          0          0          0       4513   stm32f4xx_hal_i2s.o
       694         24          0          0          0       4019   stm32f4xx_hal_i2s_ex.o
        56          4          0          0          0        978   stm32f4xx_hal_msp.o
      1396         86          0          0          0       6269   stm32f4xx_hal_rcc.o
       408         36          0          0          0       2437   stm32f4xx_hal_rcc_ex.o
      1788         26          0          0          0      13101   stm32f4xx_hal_sd.o
       846          8          0          0          0       5009   stm32f4xx_hal_spi.o
        86          0          0          0          0       1324   stm32f4xx_hal_sram.o
      1890         88          0          0          0      19893   stm32f4xx_hal_tim.o
       148         28          0          0          0       2673   stm32f4xx_hal_tim_ex.o
       116         16          0          0         64       1587   stm32f4xx_hal_timebase_tim.o
      1026         24          0          0          0       9726   stm32f4xx_hal_uart.o
       168         66          0          0          0      10021   stm32f4xx_it.o
       216         12          0          0          0       2927   stm32f4xx_ll_fsmc.o
      1272         46          0          0          0      18291   stm32f4xx_ll_sdmmc.o
         0          0          0          0          0        392   stream_buffer.o
        28          6         24          4          0       1323   system_stm32f4xx.o
      1704        124          0         60        240      21409   tasks.o
       792         74          0          0        320       5622   tim.o
       440         66          0          0        224       3491   usart.o

    ----------------------------------------------------------------------
     43374       5730     199272        452    1206280    1879748   Object Totals
         0          0         32          0          0          0   (incl. Generated)
        60          0         10          7         30          0   (incl. Padding)

    ----------------------------------------------------------------------

      Code (inc. data)   RO Data    RW Data    ZI Data      Debug   Library Member Name

        86          0          0          0          0          0   __dczerorl2.o
         0          0          0          0          0          0   entry.o
         0          0          0          0          0          0   entry10a.o
         0          0          0          0          0          0   entry11a.o
         8          4          0          0          0          0   entry2.o
         4          0          0          0          0          0   entry5.o
         0          0          0          0          0          0   entry7b.o
         0          0          0          0          0          0   entry8b.o
         8          4          0          0          0          0   entry9a.o
        30          0          0          0          0          0   handlers.o
        36          8          0          0          0         68   init.o
         0          0          0          0          0          0   iusefp.o
        30          0          0          0          0         68   llshl.o
        36          0          0          0          0         68   llsshr.o
        32          0          0          0          0         68   llushr.o
        36          0          0          0          0         68   memcpya.o
        36          0          0          0          0        108   memseta.o
      2378        100          0          0          0        756   printfa.o
         0          0          0          4          0          0   stdout.o
        28          0          0          0          0         76   strcmp.o
        44          0          0          0          0         80   uidiv.o
        98          0          0          0          0         92   uldiv.o
        48          0          0          0          0         68   cdrcmple.o
        56          0          0          0          0         88   d2f.o
       334          0          0          0          0        148   dadd.o
       222          0          0          0          0        100   ddiv.o
       186          0          0          0          0        176   depilogue.o
        48          0          0          0          0         68   dfixul.o
        34          0          0          0          0         76   dflti.o
        26          0          0          0          0         76   dfltui.o
       228          0          0          0          0         96   dmul.o
        38          0          0          0          0         68   f2d.o
       110          0          0          0          0        168   fepilogue.o

    ----------------------------------------------------------------------
      4226        116          0          4          0       2584   Library Totals
         6          0          0          0          0          0   (incl. Padding)

    ----------------------------------------------------------------------

      Code (inc. data)   RO Data    RW Data    ZI Data      Debug   Library Name

      2890        116          0          4          0       1452   mc_w.l
      1330          0          0          0          0       1132   mf_w.l

    ----------------------------------------------------------------------
      4226        116          0          4          0       2584   Library Totals

    ----------------------------------------------------------------------

==============================================================================


      Code (inc. data)   RO Data    RW Data    ZI Data      Debug   

     47600       5846     199272        456    1206280    1846964   Grand Totals
     47600       5846     199272        148    1206280    1846964   ELF Image Totals (compressed)
     47600       5846     199272        148          0          0   ROM Totals

==============================================================================

    Total RO  Size (Code + RO Data)               246872 ( 241.09kB)
    Total RW  Size (RW Data + ZI Data)           1206736 (1178.45kB)
    Total ROM Size (Code + RO Data + RW Data)     247020 ( 241.23kB)

==============================================================================

